Component: ARM Compiler 5.05 update 1 (build 106) Tool: armlink [4d0efa]

==============================================================================

Section Cross References

    main.o(i.WIFI_GPIO) refers to stm32f10x_gpio.o(i.GPIO_StructInit) for GPIO_StructInit
    main.o(i.WIFI_GPIO) refers to stm32f10x_rcc.o(i.RCC_APB2PeriphClockCmd) for RCC_APB2PeriphClockCmd
    main.o(i.WIFI_GPIO) refers to stm32f10x_gpio.o(i.GPIO_Init) for GPIO_Init
    main.o(i.WIFI_Init) refers to delay.o(i.delay_ms) for delay_ms
    main.o(i.WIFI_Init) refers to usart.o(i.UART4TxStr) for UART4TxStr
    main.o(i.WIFI_Init) refers to main.o(i.wait_OK) for wait_OK
    main.o(i.WIFI_Init) refers to usart.o(i.USART1TxStr) for USART1TxStr
    main.o(i.main) refers to _printf_pad.o(.text) for _printf_pre_padding
    main.o(i.main) refers to _printf_percent.o(.ARM.Collect$$_printf_percent$$00000000) for _printf_percent
    main.o(i.main) refers to _printf_x.o(.ARM.Collect$$_printf_percent$$0000000C) for _printf_x
    main.o(i.main) refers to _printf_hex_int.o(.text) for _printf_longlong_hex
    main.o(i.main) refers to _printf_d.o(.ARM.Collect$$_printf_percent$$00000009) for _printf_d
    main.o(i.main) refers to _printf_dec.o(.text) for _printf_int_dec
    main.o(i.main) refers to _printf_s.o(.ARM.Collect$$_printf_percent$$00000014) for _printf_s
    main.o(i.main) refers to _printf_str.o(.text) for _printf_str
    main.o(i.main) refers to gpio.o(i.GPIO_Configuration) for GPIO_Configuration
    main.o(i.main) refers to delay.o(i.delay_init) for delay_init
    main.o(i.main) refers to lcd.o(i.Lcd_Init) for Lcd_Init
    main.o(i.main) refers to usart.o(i.Usart1_Init) for Usart1_Init
    main.o(i.main) refers to usart.o(i.Usart2_Init) for Usart2_Init
    main.o(i.main) refers to usart.o(i.Uart4_Init) for Uart4_Init
    main.o(i.main) refers to usart.o(i.Usart3_Init) for Usart3_Init
    main.o(i.main) refers to timer.o(i.TIM3_Int_Init) for TIM3_Int_Init
    main.o(i.main) refers to stm32f10x_gpio.o(i.GPIO_SetBits) for GPIO_SetBits
    main.o(i.main) refers to lcd.o(i.LCD_ShowString) for LCD_ShowString
    main.o(i.main) refers to lcd.o(i.LCD_DrawRectangle) for LCD_DrawRectangle
    main.o(i.main) refers to key.o(i.key_init) for key_init
    main.o(i.main) refers to lcd.o(i.LCD_Show_Chinese16x16) for LCD_Show_Chinese16x16
    main.o(i.main) refers to stm32f10x_tim.o(i.TIM_Cmd) for TIM_Cmd
    main.o(i.main) refers to pwm.o(i.PWM_Init) for PWM_Init
    main.o(i.main) refers to pwm.o(i.PWM_SetCompare1) for PWM_SetCompare1
    main.o(i.main) refers to main.o(i.WIFI_GPIO) for WIFI_GPIO
    main.o(i.main) refers to main.o(i.WIFI_Init) for WIFI_Init
    main.o(i.main) refers to rc522.o(i.RC522_Init) for RC522_Init
    main.o(i.main) refers to rc522.o(i.RC522_PcdReset) for RC522_PcdReset
    main.o(i.main) refers to usart.o(i.CLR_Buf4) for CLR_Buf4
    main.o(i.main) refers to usart.o(i.USART1TxStr) for USART1TxStr
    main.o(i.main) refers to stm32f10x_gpio.o(i.GPIO_ResetBits) for GPIO_ResetBits
    main.o(i.main) refers to rc522.o(i.RC522_PcdWrite) for RC522_PcdWrite
    main.o(i.main) refers to rc522.o(i.RC522_PcdRequest) for RC522_PcdRequest
    main.o(i.main) refers to rc522.o(i.RC522_PcdAnticoll) for RC522_PcdAnticoll
    main.o(i.main) refers to rc522.o(i.RC522_PcdSelect) for RC522_PcdSelect
    main.o(i.main) refers to lcd.o(.data) for BACK_COLOR
    main.o(i.main) refers to main.o(.data) for This_Class_Num
    main.o(i.main) refers to usart.o(.data) for TCP_FLAG
    main.o(i.main) refers to usart.o(.bss) for UART4_RX_BUF
    main.o(i.main) refers to main.o(.bss) for Passwd
    main.o(i.main) refers to noretval__2sprintf.o(.text) for __2sprintf
    main.o(i.main) refers to rt_memclr.o(.text) for __aeabi_memclr
    main.o(i.main) refers to rc522.o(i.RC522_PcdAuthState) for RC522_PcdAuthState
    main.o(i.main) refers to rc522.o(i.RC522_PcdRead) for RC522_PcdRead
    main.o(i.main) refers to usart.o(i.UART4TxStr) for UART4TxStr
    main.o(i.main) refers to delay.o(i.delay_ms) for delay_ms
    main.o(i.main) refers to timer.o(.data) for Flag_timer_1S
    main.o(i.wait_OK) refers to usart.o(i.CLR_Buf4) for CLR_Buf4
    main.o(i.wait_OK) refers to usart.o(.data) for Flag_uart4_receive_OK
    system_stm32f10x.o(i.SetSysClock) refers to system_stm32f10x.o(i.SetSysClockTo72) for SetSysClockTo72
    system_stm32f10x.o(i.SystemCoreClockUpdate) refers to system_stm32f10x.o(.data) for SystemCoreClock
    system_stm32f10x.o(i.SystemInit) refers to system_stm32f10x.o(i.SetSysClock) for SetSysClock
    startup_stm32f10x_hd.o(STACK) refers (Special) to heapauxi.o(.text) for __use_two_region_memory
    startup_stm32f10x_hd.o(HEAP) refers (Special) to heapauxi.o(.text) for __use_two_region_memory
    startup_stm32f10x_hd.o(RESET) refers (Special) to heapauxi.o(.text) for __use_two_region_memory
    startup_stm32f10x_hd.o(RESET) refers to startup_stm32f10x_hd.o(STACK) for __initial_sp
[...]
    ../clib/signal.c                         0x00000000   Number         0  defsig_fpe_inner.o ABSOLUTE
    ../clib/signal.c                         0x00000000   Number         0  defsig_exit.o ABSOLUTE
    ../clib/signal.c                         0x00000000   Number         0  defsig_rtred_inner.o ABSOLUTE
    ../clib/signal.s                         0x00000000   Number         0  defsig.o ABSOLUTE
    ../clib/stdio.c                          0x00000000   Number         0  ferror.o ABSOLUTE
    ../clib/stdio.c                          0x00000000   Number         0  ferror_locked.o ABSOLUTE
    ../clib/stdlib.c                         0x00000000   Number         0  exit.o ABSOLUTE
    ../clib/string.c                         0x00000000   Number         0  strlen.o ABSOLUTE
    ../clib/string.c                         0x00000000   Number         0  strcpy.o ABSOLUTE
    ../clib/string.c                         0x00000000   Number         0  strstr.o ABSOLUTE
    ../clib/string.c                         0x00000000   Number         0  strcat.o ABSOLUTE
    ../fplib/fpinit.s                        0x00000000   Number         0  fpinit.o ABSOLUTE
    ..\CORE\core_cm3.c                       0x00000000   Number         0  core_cm3.o ABSOLUTE
    ..\CORE\startup_stm32f10x_hd.s           0x00000000   Number         0  startup_stm32f10x_hd.o ABSOLUTE
    ..\HARDWAVE\PWM.c                        0x00000000   Number         0  pwm.o ABSOLUTE
    ..\HARDWAVE\RC522.c                      0x00000000   Number         0  rc522.o ABSOLUTE
    ..\HARDWAVE\gpio.c                       0x00000000   Number         0  gpio.o ABSOLUTE
    ..\HARDWAVE\key.c                        0x00000000   Number         0  key.o ABSOLUTE
    ..\HARDWAVE\lcd.c                        0x00000000   Number         0  lcd.o ABSOLUTE
    ..\HARDWAVE\nbiot.c                      0x00000000   Number         0  nbiot.o ABSOLUTE
    ..\STM32F10x_FWLIB\src\misc.c            0x00000000   Number         0  misc.o ABSOLUTE
    ..\STM32F10x_FWLIB\src\stm32f10x_adc.c   0x00000000   Number         0  stm32f10x_adc.o ABSOLUTE
    ..\STM32F10x_FWLIB\src\stm32f10x_bkp.c   0x00000000   Number         0  stm32f10x_bkp.o ABSOLUTE
    ..\STM32F10x_FWLIB\src\stm32f10x_can.c   0x00000000   Number         0  stm32f10x_can.o ABSOLUTE
    ..\STM32F10x_FWLIB\src\stm32f10x_cec.c   0x00000000   Number         0  stm32f10x_cec.o ABSOLUTE
    ..\STM32F10x_FWLIB\src\stm32f10x_crc.c   0x00000000   Number         0  stm32f10x_crc.o ABSOLUTE
    ..\STM32F10x_FWLIB\src\stm32f10x_dac.c   0x00000000   Number         0  stm32f10x_dac.o ABSOLUTE
    ..\STM32F10x_FWLIB\src\stm32f10x_dbgmcu.c 0x00000000   Number         0  stm32f10x_dbgmcu.o ABSOLUTE
    ..\STM32F10x_FWLIB\src\stm32f10x_dma.c   0x00000000   Number         0  stm32f10x_dma.o ABSOLUTE
    ..\STM32F10x_FWLIB\src\stm32f10x_exti.c  0x00000000   Number         0  stm32f10x_exti.o ABSOLUTE
    ..\STM32F10x_FWLIB\src\stm32f10x_flash.c 0x00000000   Number         0  stm32f10x_flash.o ABSOLUTE
    ..\STM32F10x_FWLIB\src\stm32f10x_fsmc.c  0x00000000   Number         0  stm32f10x_fsmc.o ABSOLUTE
    ..\STM32F10x_FWLIB\src\stm32f10x_gpio.c  0x00000000   Number         0  stm32f10x_gpio.o ABSOLUTE
    ..\STM32F10x_FWLIB\src\stm32f10x_i2c.c   0x00000000   Number         0  stm32f10x_i2c.o ABSOLUTE
    ..\STM32F10x_FWLIB\src\stm32f10x_iwdg.c  0x00000000   Number         0  stm32f10x_iwdg.o ABSOLUTE
    ..\STM32F10x_FWLIB\src\stm32f10x_pwr.c   0x00000000   Number         0  stm32f10x_pwr.o ABSOLUTE
    ..\STM32F10x_FWLIB\src\stm32f10x_rcc.c   0x00000000   Number         0  stm32f10x_rcc.o ABSOLUTE
    ..\STM32F10x_FWLIB\src\stm32f10x_rtc.c   0x00000000   Number         0  stm32f10x_rtc.o ABSOLUTE
    ..\STM32F10x_FWLIB\src\stm32f10x_sdio.c  0x00000000   Number         0  stm32f10x_sdio.o ABSOLUTE
    ..\STM32F10x_FWLIB\src\stm32f10x_spi.c   0x00000000   Number         0  stm32f10x_spi.o ABSOLUTE
    ..\STM32F10x_FWLIB\src\stm32f10x_tim.c   0x00000000   Number         0  stm32f10x_tim.o ABSOLUTE
    ..\STM32F10x_FWLIB\src\stm32f10x_usart.c 0x00000000   Number         0  stm32f10x_usart.o ABSOLUTE
    ..\STM32F10x_FWLIB\src\stm32f10x_wwdg.c  0x00000000   Number         0  stm32f10x_wwdg.o ABSOLUTE
    ..\SYSTEM\delay\delay.c                  0x00000000   Number         0  delay.o ABSOLUTE
    ..\SYSTEM\spi\spi.c                      0x00000000   Number         0  spi.o ABSOLUTE
    ..\SYSTEM\sys\sys.c                      0x00000000   Number         0  sys.o ABSOLUTE
    ..\SYSTEM\timer\timer.c                  0x00000000   Number         0  timer.o ABSOLUTE
    ..\SYSTEM\usart\usart.c                  0x00000000   Number         0  usart.o ABSOLUTE
    ..\\CORE\\core_cm3.c                     0x00000000   Number         0  core_cm3.o ABSOLUTE
    dc.s                                     0x00000000   Number         0  dc.o ABSOLUTE
    main.c                                   0x00000000   Number         0  main.o ABSOLUTE
    stm32f10x_it.c                           0x00000000   Number         0  stm32f10x_it.o ABSOLUTE
    system_stm32f10x.c                       0x00000000   Number         0  system_stm32f10x.o ABSOLUTE
    RESET                                    0x08000000   Section      304  startup_stm32f10x_hd.o(RESET)
    !!!main                                  0x08000130   Section        8  __main.o(!!!main)
    !!!scatter                               0x08000138   Section       52  __scatter.o(!!!scatter)
    !!handler_copy                           0x0800016c   Section       26  __scatter_copy.o(!!handler_copy)
    !!handler_zi                             0x08000188   Section       28  __scatter_zi.o(!!handler_zi)
    .ARM.Collect$$_printf_percent$$00000000  0x080001a4   Section        0  _printf_percent.o(.ARM.Collect$$_printf_percent$$00000000)
    .ARM.Collect$$_printf_percent$$00000009  0x080001a4   Section        6  _printf_d.o(.ARM.Collect$$_printf_percent$$00000009)
    .ARM.Collect$$_printf_percent$$0000000C  0x080001aa   Section        6  _printf_x.o(.ARM.Collect$$_printf_percent$$0000000C)
    .ARM.Collect$$_printf_percent$$00000014  0x080001b0   Section        6  _printf_s.o(.ARM.Collect$$_printf_percent$$00000014)
    .ARM.Collect$$_printf_percent$$00000017  0x080001b6   Section        4  _printf_percent_end.o(.ARM.Collect$$_printf_percent$$00000017)
    .ARM.Collect$$libinit$$00000000          0x080001ba   Section        2  libinit.o(.ARM.Collect$$libinit$$00000000)
    .ARM.Collect$$libinit$$00000002          0x080001bc   Section        0  libinit2.o(.ARM.Collect$$libinit$$00000002)
    .ARM.Collect$$libinit$$00000004          0x080001bc   Section        0  libinit2.o(.ARM.Collect$$libinit$$00000004)
    .ARM.Collect$$libinit$$0000000A          0x080001bc   Section        0  libinit2.o(.ARM.Collect$$libinit$$0000000A)
    .ARM.Collect$$libinit$$0000000C          0x080001bc   Section        0  libinit2.o(.ARM.Collect$$libinit$$0000000C)
    .ARM.Collect$$libinit$$0000000E          0x080001bc   Section        0  libinit2.o(.ARM.Collect$$libinit$$0000000E)
    .ARM.Collect$$libinit$$00000011          0x080001bc   Section        0  libinit2.o(.ARM.Collect$$libinit$$00000011)
    .ARM.Collect$$libinit$$00000013          0x080001bc   Section        0  libinit2.o(.ARM.Collect$$libinit$$00000013)
    .ARM.Collect$$libinit$$00000015          0x080001bc   Section        0  libinit2.o(.ARM.Collect$$libinit$$00000015)
    .ARM.Collect$$libinit$$00000017          0x080001bc   Section        0  libinit2.o(.ARM.Collect$$libinit$$00000017)
    .ARM.Collect$$libinit$$00000019          0x080001bc   Section        0  libinit2.o(.ARM.Collect$$libinit$$00000019)
    .ARM.Collect$$libinit$$0000001B          0x080001bc   Section        0  libinit2.o(.ARM.Collect$$libinit$$0000001B)
    .ARM.Collect$$libinit$$0000001D          0x080001bc   Section        0  libinit2.o(.ARM.Collect$$libinit$$0000001D)
    .ARM.Collect$$libinit$$0000001F          0x080001bc   Section        0  libinit2.o(.ARM.Collect$$libinit$$0000001F)
    .ARM.Collect$$libinit$$00000021          0x080001bc   Section        0  libinit2.o(.ARM.Collect$$libinit$$00000021)
    .ARM.Collect$$libinit$$00000023          0x080001bc   Section        0  libinit2.o(.ARM.Collect$$libinit$$00000023)
    .ARM.Collect$$libinit$$00000025          0x080001bc   Section        0  libinit2.o(.ARM.Collect$$libinit$$00000025)
    .ARM.Collect$$libinit$$0000002C          0x080001bc   Section        0  libinit2.o(.ARM.Collect$$libinit$$0000002C)
    .ARM.Collect$$libinit$$0000002E          0x080001bc   Section        0  libinit2.o(.ARM.Collect$$libinit$$0000002E)
    .ARM.Collect$$libinit$$00000030          0x080001bc   Section        0  libinit2.o(.ARM.Collect$$libinit$$00000030)
    .ARM.Collect$$libinit$$00000032          0x080001bc   Section        0  libinit2.o(.ARM.Collect$$libinit$$00000032)
    .ARM.Collect$$libinit$$00000033          0x080001bc   Section        2  libinit2.o(.ARM.Collect$$libinit$$00000033)
    .ARM.Collect$$libshutdown$$00000000      0x080001be   Section        2  libshutdown.o(.ARM.Collect$$libshutdown$$00000000)
    .ARM.Collect$$libshutdown$$00000003      0x080001c0   Section        0  libshutdown2.o(.ARM.Collect$$libshutdown$$00000003)
    .ARM.Collect$$libshutdown$$00000006      0x080001c0   Section        0  libshutdown2.o(.ARM.Collect$$libshutdown$$00000006)
    .ARM.Collect$$libshutdown$$00000009      0x080001c0   Section        0  libshutdown2.o(.ARM.Collect$$libshutdown$$00000009)
    .ARM.Collect$$libshutdown$$0000000B      0x080001c0   Section        0  libshutdown2.o(.ARM.Collect$$libshutdown$$0000000B)
    .ARM.Collect$$libshutdown$$0000000E      0x080001c0   Section        0  libshutdown2.o(.ARM.Collect$$libshutdown$$0000000E)
    .ARM.Collect$$libshutdown$$0000000F      0x080001c0   Section        2  libshutdown2.o(.ARM.Collect$$libshutdown$$0000000F)
    .ARM.Collect$$rtentry$$00000000          0x080001c2   Section        0  __rtentry.o(.ARM.Collect$$rtentry$$00000000)
    .ARM.Collect$$rtentry$$00000002          0x080001c2   Section        0  __rtentry2.o(.ARM.Collect$$rtentry$$00000002)
    .ARM.Collect$$rtentry$$00000004          0x080001c2   Section        6  __rtentry4.o(.ARM.Collect$$rtentry$$00000004)
    .ARM.Collect$$rtentry$$00000009          0x080001c8   Section        0  __rtentry2.o(.ARM.Collect$$rtentry$$00000009)
    .ARM.Collect$$rtentry$$0000000A          0x080001c8   Section        4  __rtentry2.o(.ARM.Collect$$rtentry$$0000000A)
    .ARM.Collect$$rtentry$$0000000C          0x080001cc   Section        0  __rtentry2.o(.ARM.Collect$$rtentry$$0000000C)
    .ARM.Collect$$rtentry$$0000000D          0x080001cc   Section        8  __rtentry2.o(.ARM.Collect$$rtentry$$0000000D)
    .ARM.Collect$$rtexit$$00000000           0x080001d4   Section        2  rtexit.o(.ARM.Collect$$rtexit$$00000000)
    .ARM.Collect$$rtexit$$00000002           0x080001d6   Section        0  rtexit2.o(.ARM.Collect$$rtexit$$00000002)
    .ARM.Collect$$rtexit$$00000003           0x080001d6   Section        4  rtexit2.o(.ARM.Collect$$rtexit$$00000003)
    .ARM.Collect$$rtexit$$00000004           0x080001da   Section        6  rtexit2.o(.ARM.Collect$$rtexit$$00000004)
    .text                                    0x080001e0   Section       64  startup_stm32f10x_hd.o(.text)
    .text                                    0x08000220   Section        2  use_no_semi_2.o(.text)
    .text                                    0x08000224   Section        0  noretval__2sprintf.o(.text)
    .text                                    0x0800024c   Section        0  _printf_pad.o(.text)
    .text                                    0x0800029a   Section        0  _printf_str.o(.text)
    .text                                    0x080002ec   Section        0  _printf_dec.o(.text)
    .text                                    0x08000364   Section        0  _printf_hex_int.o(.text)
    .text                                    0x080003bc   Section        0  __printf_flags_wp.o(.text)
    .text                                    0x080004f4   Section        0  strstr.o(.text)
    .text                                    0x08000518   Section       68  rt_memclr.o(.text)
    .text                                    0x0800055c   Section        0  heapauxi.o(.text)
    .text                                    0x08000562   Section        2  use_no_semi.o(.text)
    .text                                    0x08000564   Section        0  _printf_intcommon.o(.text)
    .text                                    0x08000618   Section        0  _printf_char_common.o(.text)
    _printf_input_char                       0x08000619   Thumb Code    10  _printf_char_common.o(.text)
    .text                                    0x08000648   Section        0  _sputc.o(.text)
    .text                                    0x08000652   Section        0  _printf_char.o(.text)
    .text                                    0x0800067e   Section       78  rt_memclr_w.o(.text)
    .text                                    0x080006cc   Section       74  sys_stackheap_outer.o(.text)
    .text                                    0x08000716   Section        0  exit.o(.text)
    .text                                    0x08000724   Section        8  libspace.o(.text)
    i.Address_set                            0x0800072c   Section        0  lcd.o(i.Address_set)
    i.BusFault_Handler                       0x08000786   Section        0  stm32f10x_it.o(i.BusFault_Handler)
    i.CLR_Buf4                               0x0800078c   Section        0  usart.o(i.CLR_Buf4)
    i.DebugMon_Handler                       0x080007c0   Section        0  stm32f10x_it.o(i.DebugMon_Handler)
    i.GPIO_Configuration                     0x080007c4   Section        0  gpio.o(i.GPIO_Configuration)
    i.GPIO_Init                              0x080008cc   Section        0  stm32f10x_gpio.o(i.GPIO_Init)
    i.GPIO_PinRemapConfig                    0x080009e4   Section        0  stm32f10x_gpio.o(i.GPIO_PinRemapConfig)
    i.GPIO_ResetBits                         0x08000a74   Section        0  stm32f10x_gpio.o(i.GPIO_ResetBits)
    i.GPIO_SetBits                           0x08000a78   Section        0  stm32f10x_gpio.o(i.GPIO_SetBits)
    i.GPIO_StructInit                        0x08000a7c   Section        0  stm32f10x_gpio.o(i.GPIO_StructInit)
    i.HardFault_Handler                      0x08000a8c   Section        0  stm32f10x_it.o(i.HardFault_Handler)
    i.LCD_Clear                              0x08000a90   Section        0  lcd.o(i.LCD_Clear)
    i.LCD_DrawLine                           0x08000ac0   Section        0  lcd.o(i.LCD_DrawLine)
    i.LCD_DrawPoint                          0x08000b68   Section        0  lcd.o(i.LCD_DrawPoint)
    i.LCD_DrawRectangle                      0x08000b88   Section        0  lcd.o(i.LCD_DrawRectangle)
    i.LCD_ShowChar                           0x08000bc8   Section        0  lcd.o(i.LCD_ShowChar)
    i.LCD_ShowString                         0x08000cac   Section        0  lcd.o(i.LCD_ShowString)
    i.LCD_Show_Chinese16x16                  0x08000cea   Section        0  lcd.o(i.LCD_Show_Chinese16x16)
    i.LCD_Show_One_Chinese16x16              0x08000d14   Section        0  lcd.o(i.LCD_Show_One_Chinese16x16)
    i.LCD_WR_DATA                            0x08000dc8   Section        0  lcd.o(i.LCD_WR_DATA)
    i.LCD_WR_DATA8                           0x08000de8   Section        0  lcd.o(i.LCD_WR_DATA8)
    i.LCD_WR_REG                             0x08000e00   Section        0  lcd.o(i.LCD_WR_REG)
    i.LCD_Writ_Bus                           0x08000e18   Section        0  lcd.o(i.LCD_Writ_Bus)
    i.Lcd_Init                               0x08000e24   Section        0  lcd.o(i.Lcd_Init)
    i.M500PcdConfigISOType                   0x08001078   Section        0  rc522.o(i.M500PcdConfigISOType)
    i.MemManage_Handler                      0x080010d6   Section        0  stm32f10x_it.o(i.MemManage_Handler)
    i.NMI_Handler                            0x080010da   Section        0  stm32f10x_it.o(i.NMI_Handler)
    i.NVIC_Init                              0x080010dc   Section        0  misc.o(i.NVIC_Init)
    i.NVIC_PriorityGroupConfig               0x0800114c   Section        0  misc.o(i.NVIC_PriorityGroupConfig)
    i.PWM_Init                               0x08001160   Section        0  pwm.o(i.PWM_Init)
    i.PWM_SetCompare1                        0x080011f4   Section        0  pwm.o(i.PWM_SetCompare1)
    i.PendSV_Handler                         0x08001216   Section        0  stm32f10x_it.o(i.PendSV_Handler)
    i.RC522_CalulateCRC                      0x08001218   Section        0  rc522.o(i.RC522_CalulateCRC)
    i.RC522_ClearBitMask                     0x08001284   Section        0  rc522.o(i.RC522_ClearBitMask)
    i.RC522_Delay                            0x080012a0   Section        0  rc522.o(i.RC522_Delay)
    i.RC522_IO_Init                          0x080012b4   Section        0  rc522.o(i.RC522_IO_Init)
    i.RC522_Init                             0x0800130c   Section        0  rc522.o(i.RC522_Init)
    i.RC522_PcdAntennaOff                    0x0800132c   Section        0  rc522.o(i.RC522_PcdAntennaOff)
    i.RC522_PcdAntennaOn                     0x08001338   Section        0  rc522.o(i.RC522_PcdAntennaOn)
    i.RC522_PcdAnticoll                      0x08001352   Section        0  rc522.o(i.RC522_PcdAnticoll)
    i.RC522_PcdAuthState                     0x080013c2   Section        0  rc522.o(i.RC522_PcdAuthState)
    i.RC522_PcdComMF522                      0x08001418   Section        0  rc522.o(i.RC522_PcdComMF522)
    i.RC522_PcdRead                          0x08001556   Section        0  rc522.o(i.RC522_PcdRead)
    i.RC522_PcdRequest                       0x080015ac   Section        0  rc522.o(i.RC522_PcdRequest)
    i.RC522_PcdReset                         0x08001604   Section        0  rc522.o(i.RC522_PcdReset)
    i.RC522_PcdSelect                        0x08001680   Section        0  rc522.o(i.RC522_PcdSelect)
    i.RC522_PcdWrite                         0x080016f4   Section        0  rc522.o(i.RC522_PcdWrite)
    i.RC522_ReadRawRC                        0x0800178c   Section        0  rc522.o(i.RC522_ReadRawRC)
    i.RC522_SPI_ReadWriteOneByte             0x080017c4   Section        0  rc522.o(i.RC522_SPI_ReadWriteOneByte)
    i.RC522_SetBitMask                       0x08001818   Section        0  rc522.o(i.RC522_SetBitMask)
    i.RC522_WriteRawRC                       0x08001834   Section        0  rc522.o(i.RC522_WriteRawRC)
    i.RCC_APB1PeriphClockCmd                 0x08001864   Section        0  stm32f10x_rcc.o(i.RCC_APB1PeriphClockCmd)
    i.RCC_APB2PeriphClockCmd                 0x08001884   Section        0  stm32f10x_rcc.o(i.RCC_APB2PeriphClockCmd)
    i.RCC_GetClocksFreq                      0x080018a4   Section        0  stm32f10x_rcc.o(i.RCC_GetClocksFreq)
    i.SPI2_Init                              0x08001978   Section        0  spi.o(i.SPI2_Init)
    i.SPI2_ReadWriteByte                     0x08001a00   Section        0  spi.o(i.SPI2_ReadWriteByte)
    i.SPI_Cmd                                0x08001a54   Section        0  stm32f10x_spi.o(i.SPI_Cmd)
    i.SPI_I2S_GetFlagStatus                  0x08001a6c   Section        0  stm32f10x_spi.o(i.SPI_I2S_GetFlagStatus)
    i.SPI_I2S_ReceiveData                    0x08001a7e   Section        0  stm32f10x_spi.o(i.SPI_I2S_ReceiveData)
    i.SPI_I2S_SendData                       0x08001a84   Section        0  stm32f10x_spi.o(i.SPI_I2S_SendData)
    i.SPI_Init                               0x08001a88   Section        0  stm32f10x_spi.o(i.SPI_Init)
    i.SVC_Handler                            0x08001ac4   Section        0  stm32f10x_it.o(i.SVC_Handler)
    i.SetSysClock                            0x08001ac6   Section        0  system_stm32f10x.o(i.SetSysClock)
    SetSysClock                              0x08001ac7   Thumb Code     8  system_stm32f10x.o(i.SetSysClock)
    i.SetSysClockTo72                        0x08001ad0   Section        0  system_stm32f10x.o(i.SetSysClockTo72)
    SetSysClockTo72                          0x08001ad1   Thumb Code   214  system_stm32f10x.o(i.SetSysClockTo72)
    i.SysTick_CLKSourceConfig                0x08001bb0   Section        0  misc.o(i.SysTick_CLKSourceConfig)
    i.SysTick_Handler                        0x08001bd8   Section        0  stm32f10x_it.o(i.SysTick_Handler)
    i.SystemInit                             0x08001bdc   Section        0  system_stm32f10x.o(i.SystemInit)
    i.TIM3_IRQHandler                        0x08001c3c   Section        0  timer.o(i.TIM3_IRQHandler)
    i.TIM3_Int_Init                          0x08001db0   Section        0  timer.o(i.TIM3_Int_Init)
    i.TIM_ClearITPendingBit                  0x08001e10   Section        0  stm32f10x_tim.o(i.TIM_ClearITPendingBit)
    i.TIM_Cmd                                0x08001e16   Section        0  stm32f10x_tim.o(i.TIM_Cmd)
    i.TIM_GetITStatus                        0x08001e2e   Section        0  stm32f10x_tim.o(i.TIM_GetITStatus)
    i.TIM_ITConfig                           0x08001e50   Section        0  stm32f10x_tim.o(i.TIM_ITConfig)
    i.TIM_InternalClockConfig                0x08001e62   Section        0  stm32f10x_tim.o(i.TIM_InternalClockConfig)
    i.TIM_OC1Init                            0x08001e70   Section        0  stm32f10x_tim.o(i.TIM_OC1Init)
    i.TIM_OCStructInit                       0x08001f08   Section        0  stm32f10x_tim.o(i.TIM_OCStructInit)
    i.TIM_SetCompare1                        0x08001f1c   Section        0  stm32f10x_tim.o(i.TIM_SetCompare1)
    i.TIM_TimeBaseInit                       0x08001f20   Section        0  stm32f10x_tim.o(i.TIM_TimeBaseInit)
    i.UART4TxChar                            0x08001fc4   Section        0  usart.o(i.UART4TxChar)
    i.UART4TxStr                             0x08001fe4   Section        0  usart.o(i.UART4TxStr)
    i.UART4_Configuration                    0x08001ffc   Section        0  usart.o(i.UART4_Configuration)
    UART4_Configuration                      0x08001ffd   Thumb Code    60  usart.o(i.UART4_Configuration)
    i.UART4_GPIO_Configuration               0x0800203c   Section        0  usart.o(i.UART4_GPIO_Configuration)
    UART4_GPIO_Configuration                 0x0800203d   Thumb Code    60  usart.o(i.UART4_GPIO_Configuration)
    i.UART4_IRQHandler                       0x0800207c   Section        0  usart.o(i.UART4_IRQHandler)
    i.UART4_NVIC_Configuration               0x08002138   Section        0  usart.o(i.UART4_NVIC_Configuration)
    UART4_NVIC_Configuration                 0x08002139   Thumb Code    40  usart.o(i.UART4_NVIC_Configuration)
    i.UART5_IRQHandler                       0x08002160   Section        0  usart.o(i.UART5_IRQHandler)
    i.USART1TxChar                           0x080021c0   Section        0  usart.o(i.USART1TxChar)
    i.USART1TxStr                            0x080021e0   Section        0  usart.o(i.USART1TxStr)
    i.USART1_IRQHandler                      0x080021f8   Section        0  usart.o(i.USART1_IRQHandler)
    i.USART2TxChar                           0x08002284   Section        0  usart.o(i.USART2TxChar)
    i.USART2_Configuration                   0x080022a4   Section        0  usart.o(i.USART2_Configuration)
    USART2_Configuration                     0x080022a5   Thumb Code    68  usart.o(i.USART2_Configuration)
    i.USART2_GPIO_Configuration              0x080022ec   Section        0  usart.o(i.USART2_GPIO_Configuration)
    USART2_GPIO_Configuration                0x080022ed   Thumb Code    96  usart.o(i.USART2_GPIO_Configuration)
    i.USART2_IRQHandler                      0x08002354   Section        0  usart.o(i.USART2_IRQHandler)
    i.USART2_NVIC_Configuration              0x08002440   Section        0  usart.o(i.USART2_NVIC_Configuration)
    USART2_NVIC_Configuration                0x08002441   Thumb Code    40  usart.o(i.USART2_NVIC_Configuration)
    i.USART2_RCC_Configuration               0x08002468   Section        0  usart.o(i.USART2_RCC_Configuration)
    USART2_RCC_Configuration                 0x08002469   Thumb Code    24  usart.o(i.USART2_RCC_Configuration)
    i.USART3_Configuration                   0x08002480   Section        0  usart.o(i.USART3_Configuration)
    USART3_Configuration                     0x08002481   Thumb Code    68  usart.o(i.USART3_Configuration)
    i.USART3_GPIO_Configuration              0x080024c8   Section        0  usart.o(i.USART3_GPIO_Configuration)
    USART3_GPIO_Configuration                0x080024c9   Thumb Code   104  usart.o(i.USART3_GPIO_Configuration)
    i.USART3_IRQHandler                      0x08002538   Section        0  usart.o(i.USART3_IRQHandler)
    i.USART3_NVIC_Configuration              0x08002594   Section        0  usart.o(i.USART3_NVIC_Configuration)
    USART3_NVIC_Configuration                0x08002595   Thumb Code    38  usart.o(i.USART3_NVIC_Configuration)
    i.USART3_RCC_Configuration               0x080025ba   Section        0  usart.o(i.USART3_RCC_Configuration)
    USART3_RCC_Configuration                 0x080025bb   Thumb Code    20  usart.o(i.USART3_RCC_Configuration)
    i.USART_Cmd                              0x080025ce   Section        0  stm32f10x_usart.o(i.USART_Cmd)
    i.USART_GetFlagStatus                    0x080025e6   Section        0  stm32f10x_usart.o(i.USART_GetFlagStatus)
    i.USART_GetITStatus                      0x08002600   Section        0  stm32f10x_usart.o(i.USART_GetITStatus)
    i.USART_ITConfig                         0x08002654   Section        0  stm32f10x_usart.o(i.USART_ITConfig)
    i.USART_Init                             0x080026a0   Section        0  stm32f10x_usart.o(i.USART_Init)
    i.USART_ReceiveData                      0x08002778   Section        0  stm32f10x_usart.o(i.USART_ReceiveData)
    i.USART_SendData                         0x08002782   Section        0  stm32f10x_usart.o(i.USART_SendData)
    i.Uart4_Init                             0x0800278a   Section        0  usart.o(i.Uart4_Init)
    i.UsageFault_Handler                     0x080027a6   Section        0  stm32f10x_it.o(i.UsageFault_Handler)
    i.Usart1_Init                            0x080027ac   Section        0  usart.o(i.Usart1_Init)
    i.Usart2_Init                            0x08002854   Section        0  usart.o(i.Usart2_Init)
    i.Usart3_Init                            0x08002874   Section        0  usart.o(i.Usart3_Init)
    i.WIFI_GPIO                              0x0800288c   Section        0  main.o(i.WIFI_GPIO)
    i.WIFI_Init                              0x080028bc   Section        0  main.o(i.WIFI_Init)
    i._is_digit                              0x08002a38   Section        0  __printf_wp.o(i._is_digit)
    i._sys_exit                              0x08002a46   Section        0  usart.o(i._sys_exit)
    i.delay_init                             0x08002a4c   Section        0  delay.o(i.delay_init)
    i.delay_ms                               0x08002a90   Section        0  delay.o(i.delay_ms)
    i.key_init                               0x08002adc   Section        0  key.o(i.key_init)
    i.main                                   0x08002b04   Section        0  main.o(i.main)
    i.wait_OK                                0x08003320   Section        0  main.o(i.wait_OK)
    .constdata                               0x0800333c   Section     5124  lcd.o(.constdata)
    .constdata                               0x08004740   Section       40  _printf_hex_int.o(.constdata)
    uc_hextab                                0x08004740   Data          20  _printf_hex_int.o(.constdata)
    lc_hextab                                0x08004754   Data          20  _printf_hex_int.o(.constdata)
    .constdata                               0x08004768   Section       17  __printf_flags_wp.o(.constdata)
    maptable                                 0x08004768   Data          17  __printf_flags_wp.o(.constdata)
    .data                                    0x20000000   Section       41  main.o(.data)
    LOCK_Flag                                0x2000001c   Data           1  main.o(.data)
    .data                                    0x2000002c   Section       20  system_stm32f10x.o(.data)
    .data                                    0x20000040   Section       20  stm32f10x_rcc.o(.data)
    APBAHBPrescTable                         0x20000040   Data          16  stm32f10x_rcc.o(.data)
    ADCPrescTable                            0x20000050   Data           4  stm32f10x_rcc.o(.data)
    .data                                    0x20000054   Section        4  delay.o(.data)
    fac_us                                   0x20000054   Data           1  delay.o(.data)
    fac_ms                                   0x20000056   Data           2  delay.o(.data)
    .data                                    0x20000058   Section       52  usart.o(.data)
    .data                                    0x2000008c   Section       20  timer.o(.data)
    .data                                    0x200000a0   Section       28  lcd.o(.data)
    .bss                                     0x200000bc   Section      116  main.o(.bss)
    .bss                                     0x20000130   Section     4000  usart.o(.bss)
    .bss                                     0x200010d0   Section       96  libspace.o(.bss)
    HEAP                                     0x20001130   Section      512  startup_stm32f10x_hd.o(HEAP)
    Heap_Mem                                 0x20001130   Data         512  startup_stm32f10x_hd.o(HEAP)
    STACK                                    0x20001330   Section     1024  startup_stm32f10x_hd.o(STACK)
    Stack_Mem                                0x20001330   Data        1024  startup_stm32f10x_hd.o(STACK)
    __initial_sp                             0x20001730   Data           0  startup_stm32f10x_hd.o(STACK)

    Global Symbols

    Symbol Name                              Value     Ov Type        Size  Object(Section)

    BuildAttributes$$THM_ISAv4$P$D$K$B$S$PE$A:L22UL41UL21$X:L11$S22US41US21$IEEE1$IW$USESV6$~STKCKD$USESV7$~SHL$OSPACE$ROPI$EBA8$UX$STANDARDLIB$REQ8$PRES8$EABIv2 0x00000000   Number         0  anon$$obj.o ABSOLUTE
    __ARM_use_no_argv                        0x00000000   Number         0  main.o ABSOLUTE
    _printf_flags                            0x00000000   Number         0  printf_stubs.o ABSOLUTE
    _printf_return_value                     0x00000000   Number         0  printf_stubs.o ABSOLUTE
    _printf_sizespec                         0x00000000   Number         0  printf_stubs.o ABSOLUTE
    _printf_widthprec                        0x00000000   Number         0  printf_stubs.o ABSOLUTE
    __ARM_exceptions_init                     - Undefined Weak Reference
    __alloca_initialize                       - Undefined Weak Reference
    __arm_preinit_                            - Undefined Weak Reference
    __cpp_initialize__aeabi_                  - Undefined Weak Reference
    __cxa_finalize                            - Undefined Weak Reference
    __rt_locale                               - Undefined Weak Reference
    __sigvec_lookup                           - Undefined Weak Reference
    _atexit_init                              - Undefined Weak Reference
    _call_atexit_fns                          - Undefined Weak Reference
    _clock_init                               - Undefined Weak Reference
    _fp_trap_init                             - Undefined Weak Reference
    _fp_trap_shutdown                         - Undefined Weak Reference
    _get_lc_collate                           - Undefined Weak Reference
    _get_lc_ctype                             - Undefined Weak Reference
    _get_lc_monetary                          - Undefined Weak Reference
    _get_lc_numeric                           - Undefined Weak Reference
    _get_lc_time                              - Undefined Weak Reference
    _getenv_init                              - Undefined Weak Reference
    _handle_redirection                       - Undefined Weak Reference
    _init_alloc                               - Undefined Weak Reference
    _init_user_alloc                          - Undefined Weak Reference
    _initio                                   - Undefined Weak Reference
    _mutex_acquire                            - Undefined Weak Reference
    _mutex_release                            - Undefined Weak Reference
    _printf_mbtowc                            - Undefined Weak Reference
    _printf_truncate_signed                   - Undefined Weak Reference
    _printf_truncate_unsigned                 - Undefined Weak Reference
    _rand_init                                - Undefined Weak Reference
    _signal_finish                            - Undefined Weak Reference
    _signal_init                              - Undefined Weak Reference
    _terminate_alloc                          - Undefined Weak Reference
    _terminate_user_alloc                     - Undefined Weak Reference
    _terminateio                              - Undefined Weak Reference
    __Vectors_Size                           0x00000130   Number         0  startup_stm32f10x_hd.o ABSOLUTE
    __Vectors                                0x08000000   Data           4  startup_stm32f10x_hd.o(RESET)
    __Vectors_End                            0x08000130   Data           0  startup_stm32f10x_hd.o(RESET)
    __main                                   0x08000131   Thumb Code     8  __main.o(!!!main)
    __scatterload                            0x08000139   Thumb Code     0  __scatter.o(!!!scatter)
    __scatterload_rt2                        0x08000139   Thumb Code    44  __scatter.o(!!!scatter)
    __scatterload_rt2_thumb_only             0x08000139   Thumb Code     0  __scatter.o(!!!scatter)
    __scatterload_null                       0x08000147   Thumb Code     0  __scatter.o(!!!scatter)
    __scatterload_copy                       0x0800016d   Thumb Code    26  __scatter_copy.o(!!handler_copy)
    __scatterload_zeroinit                   0x08000189   Thumb Code    28  __scatter_zi.o(!!handler_zi)
    _printf_d                                0x080001a5   Thumb Code     0  _printf_d.o(.ARM.Collect$$_printf_percent$$00000009)
    _printf_percent                          0x080001a5   Thumb Code     0  _printf_percent.o(.ARM.Collect$$_printf_percent$$00000000)
    _printf_x                                0x080001ab   Thumb Code     0  _printf_x.o(.ARM.Collect$$_printf_percent$$0000000C)
    _printf_s                                0x080001b1   Thumb Code     0  _printf_s.o(.ARM.Collect$$_printf_percent$$00000014)
    _printf_percent_end                      0x080001b7   Thumb Code     0  _printf_percent_end.o(.ARM.Collect$$_printf_percent$$00000017)
    __rt_lib_init                            0x080001bb   Thumb Code     0  libinit.o(.ARM.Collect$$libinit$$00000000)
    __rt_lib_init_alloca_1                   0x080001bd   Thumb Code     0  libinit2.o(.ARM.Collect$$libinit$$0000002E)
    __rt_lib_init_argv_1                     0x080001bd   Thumb Code     0  libinit2.o(.ARM.Collect$$libinit$$0000002C)
    __rt_lib_init_atexit_1                   0x080001bd   Thumb Code     0  libinit2.o(.ARM.Collect$$libinit$$0000001B)
    __rt_lib_init_clock_1                    0x080001bd   Thumb Code     0  libinit2.o(.ARM.Collect$$libinit$$00000021)
    __rt_lib_init_cpp_1                      0x080001bd   Thumb Code     0  libinit2.o(.ARM.Collect$$libinit$$00000032)
    __rt_lib_init_exceptions_1               0x080001bd   Thumb Code     0  libinit2.o(.ARM.Collect$$libinit$$00000030)
    __rt_lib_init_fp_1                       0x080001bd   Thumb Code     0  libinit2.o(.ARM.Collect$$libinit$$00000002)
    __rt_lib_init_fp_trap_1                  0x080001bd   Thumb Code     0  libinit2.o(.ARM.Collect$$libinit$$0000001F)
    __rt_lib_init_getenv_1                   0x080001bd   Thumb Code     0  libinit2.o(.ARM.Collect$$libinit$$00000023)
    __rt_lib_init_heap_1                     0x080001bd   Thumb Code     0  libinit2.o(.ARM.Collect$$libinit$$0000000A)
    __rt_lib_init_lc_collate_1               0x080001bd   Thumb Code     0  libinit2.o(.ARM.Collect$$libinit$$00000011)
    __rt_lib_init_lc_ctype_1                 0x080001bd   Thumb Code     0  libinit2.o(.ARM.Collect$$libinit$$00000013)
    __rt_lib_init_lc_monetary_1              0x080001bd   Thumb Code     0  libinit2.o(.ARM.Collect$$libinit$$00000015)
    __rt_lib_init_lc_numeric_1               0x080001bd   Thumb Code     0  libinit2.o(.ARM.Collect$$libinit$$00000017)
    __rt_lib_init_lc_time_1                  0x080001bd   Thumb Code     0  libinit2.o(.ARM.Collect$$libinit$$00000019)
    __rt_lib_init_preinit_1                  0x080001bd   Thumb Code     0  libinit2.o(.ARM.Collect$$libinit$$00000004)
    __rt_lib_init_rand_1                     0x080001bd   Thumb Code     0  libinit2.o(.ARM.Collect$$libinit$$0000000E)
    __rt_lib_init_return                     0x080001bd   Thumb Code     0  libinit2.o(.ARM.Collect$$libinit$$00000033)
    __rt_lib_init_signal_1                   0x080001bd   Thumb Code     0  libinit2.o(.ARM.Collect$$libinit$$0000001D)
    __rt_lib_init_stdio_1                    0x080001bd   Thumb Code     0  libinit2.o(.ARM.Collect$$libinit$$00000025)
    __rt_lib_init_user_alloc_1               0x080001bd   Thumb Code     0  libinit2.o(.ARM.Collect$$libinit$$0000000C)
    __rt_lib_shutdown                        0x080001bf   Thumb Code     0  libshutdown.o(.ARM.Collect$$libshutdown$$00000000)
    __rt_lib_shutdown_fp_trap_1              0x080001c1   Thumb Code     0  libshutdown2.o(.ARM.Collect$$libshutdown$$00000006)
    __rt_lib_shutdown_heap_1                 0x080001c1   Thumb Code     0  libshutdown2.o(.ARM.Collect$$libshutdown$$0000000E)
    __rt_lib_shutdown_return                 0x080001c1   Thumb Code     0  libshutdown2.o(.ARM.Collect$$libshutdown$$0000000F)
    __rt_lib_shutdown_signal_1               0x080001c1   Thumb Code     0  libshutdown2.o(.ARM.Collect$$libshutdown$$00000009)
    __rt_lib_shutdown_stdio_1                0x080001c1   Thumb Code     0  libshutdown2.o(.ARM.Collect$$libshutdown$$00000003)
    __rt_lib_shutdown_user_alloc_1           0x080001c1   Thumb Code     0  libshutdown2.o(.ARM.Collect$$libshutdown$$0000000B)
    __rt_entry                               0x080001c3   Thumb Code     0  __rtentry.o(.ARM.Collect$$rtentry$$00000000)
    __rt_entry_presh_1                       0x080001c3   Thumb Code     0  __rtentry2.o(.ARM.Collect$$rtentry$$00000002)
    __rt_entry_sh                            0x080001c3   Thumb Code     0  __rtentry4.o(.ARM.Collect$$rtentry$$00000004)
    __rt_entry_li                            0x080001c9   Thumb Code     0  __rtentry2.o(.ARM.Collect$$rtentry$$0000000A)
    __rt_entry_postsh_1                      0x080001c9   Thumb Code     0  __rtentry2.o(.ARM.Collect$$rtentry$$00000009)
    __rt_entry_main                          0x080001cd   Thumb Code     0  __rtentry2.o(.ARM.Collect$$rtentry$$0000000D)
    __rt_entry_postli_1                      0x080001cd   Thumb Code     0  __rtentry2.o(.ARM.Collect$$rtentry$$0000000C)
    __rt_exit                                0x080001d5   Thumb Code     0  rtexit.o(.ARM.Collect$$rtexit$$00000000)
    __rt_exit_ls                             0x080001d7   Thumb Code     0  rtexit2.o(.ARM.Collect$$rtexit$$00000003)
    __rt_exit_prels_1                        0x080001d7   Thumb Code     0  rtexit2.o(.ARM.Collect$$rtexit$$00000002)
    __rt_exit_exit                           0x080001db   Thumb Code     0  rtexit2.o(.ARM.Collect$$rtexit$$00000004)
    Reset_Handler                            0x080001e1   Thumb Code     8  startup_stm32f10x_hd.o(.text)
    ADC1_2_IRQHandler                        0x080001fb   Thumb Code     0  startup_stm32f10x_hd.o(.text)
    ADC3_IRQHandler                          0x080001fb   Thumb Code     0  startup_stm32f10x_hd.o(.text)
    CAN1_RX1_IRQHandler                      0x080001fb   Thumb Code     0  startup_stm32f10x_hd.o(.text)
    CAN1_SCE_IRQHandler                      0x080001fb   Thumb Code     0  startup_stm32f10x_hd.o(.text)
    DMA1_Channel1_IRQHandler                 0x080001fb   Thumb Code     0  startup_stm32f10x_hd.o(.text)
    DMA1_Channel2_IRQHandler                 0x080001fb   Thumb Code     0  startup_stm32f10x_hd.o(.text)
    DMA1_Channel3_IRQHandler                 0x080001fb   Thumb Code     0  startup_stm32f10x_hd.o(.text)
    DMA1_Channel4_IRQHandler                 0x080001fb   Thumb Code     0  startup_stm32f10x_hd.o(.text)
    DMA1_Channel5_IRQHandler                 0x080001fb   Thumb Code     0  startup_stm32f10x_hd.o(.text)
    DMA1_Channel6_IRQHandler                 0x080001fb   Thumb Code     0  startup_stm32f10x_hd.o(.text)
    DMA1_Channel7_IRQHandler                 0x080001fb   Thumb Code     0  startup_stm32f10x_hd.o(.text)
    DMA2_Channel1_IRQHandler                 0x080001fb   Thumb Code     0  startup_stm32f10x_hd.o(.text)
    DMA2_Channel2_IRQHandler                 0x080001fb   Thumb Code     0  startup_stm32f10x_hd.o(.text)
    DMA2_Channel3_IRQHandler                 0x080001fb   Thumb Code     0  startup_stm32f10x_hd.o(.text)
    DMA2_Channel4_5_IRQHandler               0x080001fb   Thumb Code     0  startup_stm32f10x_hd.o(.text)
    EXTI0_IRQHandler                         0x080001fb   Thumb Code     0  startup_stm32f10x_hd.o(.text)
    EXTI15_10_IRQHandler                     0x080001fb   Thumb Code     0  startup_stm32f10x_hd.o(.text)
    EXTI1_IRQHandler                         0x080001fb   Thumb Code     0  startup_stm32f10x_hd.o(.text)
    EXTI2_IRQHandler                         0x080001fb   Thumb Code     0  startup_stm32f10x_hd.o(.text)
    EXTI3_IRQHandler                         0x080001fb   Thumb Code     0  startup_stm32f10x_hd.o(.text)
    EXTI4_IRQHandler                         0x080001fb   Thumb Code     0  startup_stm32f10x_hd.o(.text)
    EXTI9_5_IRQHandler                       0x080001fb   Thumb Code     0  startup_stm32f10x_hd.o(.text)
    FLASH_IRQHandler                         0x080001fb   Thumb Code     0  startup_stm32f10x_hd.o(.text)
    FSMC_IRQHandler                          0x080001fb   Thumb Code     0  startup_stm32f10x_hd.o(.text)
    I2C1_ER_IRQHandler                       0x080001fb   Thumb Code     0  startup_stm32f10x_hd.o(.text)
    I2C1_EV_IRQHandler                       0x080001fb   Thumb Code     0  startup_stm32f10x_hd.o(.text)
    I2C2_ER_IRQHandler                       0x080001fb   Thumb Code     0  startup_stm32f10x_hd.o(.text)
    I2C2_EV_IRQHandler                       0x080001fb   Thumb Code     0  startup_stm32f10x_hd.o(.text)
    PVD_IRQHandler                           0x080001fb   Thumb Code     0  startup_stm32f10x_hd.o(.text)
    RCC_IRQHandler                           0x080001fb   Thumb Code     0  startup_stm32f10x_hd.o(.text)
    RTCAlarm_IRQHandler                      0x080001fb   Thumb Code     0  startup_stm32f10x_hd.o(.text)
    RTC_IRQHandler                           0x080001fb   Thumb Code     0  startup_stm32f10x_hd.o(.text)
    SDIO_IRQHandler                          0x080001fb   Thumb Code     0  startup_stm32f10x_hd.o(.text)
    SPI1_IRQHandler                          0x080001fb   Thumb Code     0  startup_stm32f10x_hd.o(.text)
    SPI2_IRQHandler                          0x080001fb   Thumb Code     0  startup_stm32f10x_hd.o(.text)
    SPI3_IRQHandler                          0x080001fb   Thumb Code     0  startup_stm32f10x_hd.o(.text)
    TAMPER_IRQHandler                        0x080001fb   Thumb Code     0  startup_stm32f10x_hd.o(.text)
    TIM1_BRK_IRQHandler                      0x080001fb   Thumb Code     0  startup_stm32f10x_hd.o(.text)
    TIM1_CC_IRQHandler                       0x080001fb   Thumb Code     0  startup_stm32f10x_hd.o(.text)
    TIM1_TRG_COM_IRQHandler                  0x080001fb   Thumb Code     0  startup_stm32f10x_hd.o(.text)
    TIM1_UP_IRQHandler                       0x080001fb   Thumb Code     0  startup_stm32f10x_hd.o(.text)
    TIM2_IRQHandler                          0x080001fb   Thumb Code     0  startup_stm32f10x_hd.o(.text)
    TIM4_IRQHandler                          0x080001fb   Thumb Code     0  startup_stm32f10x_hd.o(.text)
    TIM5_IRQHandler                          0x080001fb   Thumb Code     0  startup_stm32f10x_hd.o(.text)
    TIM6_IRQHandler                          0x080001fb   Thumb Code     0  startup_stm32f10x_hd.o(.text)
    TIM7_IRQHandler                          0x080001fb   Thumb Code     0  startup_stm32f10x_hd.o(.text)
    TIM8_BRK_IRQHandler                      0x080001fb   Thumb Code     0  startup_stm32f10x_hd.o(.text)
    TIM8_CC_IRQHandler                       0x080001fb   Thumb Code     0  startup_stm32f10x_hd.o(.text)
    TIM8_TRG_COM_IRQHandler                  0x080001fb   Thumb Code     0  startup_stm32f10x_hd.o(.text)
    TIM8_UP_IRQHandler                       0x080001fb   Thumb Code     0  startup_stm32f10x_hd.o(.text)
    USBWakeUp_IRQHandler                     0x080001fb   Thumb Code     0  startup_stm32f10x_hd.o(.text)
    USB_HP_CAN1_TX_IRQHandler                0x080001fb   Thumb Code     0  startup_stm32f10x_hd.o(.text)
    USB_LP_CAN1_RX0_IRQHandler               0x080001fb   Thumb Code     0  startup_stm32f10x_hd.o(.text)
    WWDG_IRQHandler                          0x080001fb   Thumb Code     0  startup_stm32f10x_hd.o(.text)
    __user_initial_stackheap                 0x080001fd   Thumb Code     0  startup_stm32f10x_hd.o(.text)
    __use_no_semihosting                     0x08000221   Thumb Code     2  use_no_semi_2.o(.text)
    __2sprintf                               0x08000225   Thumb Code    34  noretval__2sprintf.o(.text)
    _printf_pre_padding                      0x0800024d   Thumb Code    44  _printf_pad.o(.text)
    _printf_post_padding                     0x08000279   Thumb Code    34  _printf_pad.o(.text)
    _printf_str                              0x0800029b   Thumb Code    82  _printf_str.o(.text)
    _printf_int_dec                          0x080002ed   Thumb Code   104  _printf_dec.o(.text)
    _printf_int_hex                          0x08000365   Thumb Code    84  _printf_hex_int.o(.text)
    _printf_longlong_hex                     0x08000365   Thumb Code     0  _printf_hex_int.o(.text)
    __printf                                 0x080003bd   Thumb Code   308  __printf_flags_wp.o(.text)
    strstr                                   0x080004f5   Thumb Code    36  strstr.o(.text)
    __aeabi_memclr                           0x08000519   Thumb Code     0  rt_memclr.o(.text)
    __rt_memclr                              0x08000519   Thumb Code    68  rt_memclr.o(.text)
    _memset                                  0x0800051d   Thumb Code     0  rt_memclr.o(.text)
    __use_two_region_memory                  0x0800055d   Thumb Code     2  heapauxi.o(.text)
    __rt_heap_escrow$2region                 0x0800055f   Thumb Code     2  heapauxi.o(.text)
    __rt_heap_expand$2region                 0x08000561   Thumb Code     2  heapauxi.o(.text)
    __I$use$semihosting                      0x08000563   Thumb Code     0  use_no_semi.o(.text)
    __use_no_semihosting_swi                 0x08000563   Thumb Code     2  use_no_semi.o(.text)
    _printf_int_common                       0x08000565   Thumb Code   178  _printf_intcommon.o(.text)
    _printf_char_common                      0x08000623   Thumb Code    32  _printf_char_common.o(.text)
    _sputc                                   0x08000649   Thumb Code    10  _sputc.o(.text)
    _printf_cs_common                        0x08000653   Thumb Code    20  _printf_char.o(.text)
    _printf_char                             0x08000667   Thumb Code    16  _printf_char.o(.text)
    _printf_string                           0x08000677   Thumb Code     8  _printf_char.o(.text)
    __aeabi_memclr4                          0x0800067f   Thumb Code     0  rt_memclr_w.o(.text)
    __aeabi_memclr8                          0x0800067f   Thumb Code     0  rt_memclr_w.o(.text)
    __rt_memclr_w                            0x0800067f   Thumb Code    78  rt_memclr_w.o(.text)
    _memset_w                                0x08000683   Thumb Code     0  rt_memclr_w.o(.text)
    __user_setup_stackheap                   0x080006cd   Thumb Code    74  sys_stackheap_outer.o(.text)
    exit                                     0x08000717   Thumb Code    12  exit.o(.text)
    __user_libspace                          0x08000725   Thumb Code     8  libspace.o(.text)
    __user_perproc_libspace                  0x08000725   Thumb Code     0  libspace.o(.text)
    __user_perthread_libspace                0x08000725   Thumb Code     0  libspace.o(.text)
    Address_set                              0x0800072d   Thumb Code    90  lcd.o(i.Address_set)
    BusFault_Handler                         0x08000787   Thumb Code     4  stm32f10x_it.o(i.BusFault_Handler)
    CLR_Buf4                                 0x0800078d   Thumb Code    36  usart.o(i.CLR_Buf4)
    DebugMon_Handler                         0x080007c1   Thumb Code     2  stm32f10x_it.o(i.DebugMon_Handler)
    GPIO_Configuration                       0x080007c5   Thumb Code   252  gpio.o(i.GPIO_Configuration)
    GPIO_Init                                0x080008cd   Thumb Code   278  stm32f10x_gpio.o(i.GPIO_Init)
    GPIO_PinRemapConfig                      0x080009e5   Thumb Code   138  stm32f10x_gpio.o(i.GPIO_PinRemapConfig)
    GPIO_ResetBits                           0x08000a75   Thumb Code     4  stm32f10x_gpio.o(i.GPIO_ResetBits)
    GPIO_SetBits                             0x08000a79   Thumb Code     4  stm32f10x_gpio.o(i.GPIO_SetBits)
    GPIO_StructInit                          0x08000a7d   Thumb Code    16  stm32f10x_gpio.o(i.GPIO_StructInit)
    HardFault_Handler                        0x08000a8d   Thumb Code     4  stm32f10x_it.o(i.HardFault_Handler)
    LCD_Clear                                0x08000a91   Thumb Code    48  lcd.o(i.LCD_Clear)
    LCD_DrawLine                             0x08000ac1   Thumb Code   168  lcd.o(i.LCD_DrawLine)
    LCD_DrawPoint                            0x08000b69   Thumb Code    28  lcd.o(i.LCD_DrawPoint)
    LCD_DrawRectangle                        0x08000b89   Thumb Code    64  lcd.o(i.LCD_DrawRectangle)
    LCD_ShowChar                             0x08000bc9   Thumb Code   216  lcd.o(i.LCD_ShowChar)
    LCD_ShowString                           0x08000cad   Thumb Code    62  lcd.o(i.LCD_ShowString)
    LCD_Show_Chinese16x16                    0x08000ceb   Thumb Code    42  lcd.o(i.LCD_Show_Chinese16x16)
    LCD_Show_One_Chinese16x16                0x08000d15   Thumb Code   168  lcd.o(i.LCD_Show_One_Chinese16x16)
    LCD_WR_DATA                              0x08000dc9   Thumb Code    28  lcd.o(i.LCD_WR_DATA)
    LCD_WR_DATA8                             0x08000de9   Thumb Code    20  lcd.o(i.LCD_WR_DATA8)
    LCD_WR_REG                               0x08000e01   Thumb Code    20  lcd.o(i.LCD_WR_REG)
    LCD_Writ_Bus                             0x08000e19   Thumb Code    12  lcd.o(i.LCD_Writ_Bus)
    Lcd_Init                                 0x08000e25   Thumb Code   590  lcd.o(i.Lcd_Init)
    M500PcdConfigISOType                     0x08001079   Thumb Code    94  rc522.o(i.M500PcdConfigISOType)
    MemManage_Handler                        0x080010d7   Thumb Code     4  stm32f10x_it.o(i.MemManage_Handler)
    NMI_Handler                              0x080010db   Thumb Code     2  stm32f10x_it.o(i.NMI_Handler)
    NVIC_Init                                0x080010dd   Thumb Code   100  misc.o(i.NVIC_Init)
    NVIC_PriorityGroupConfig                 0x0800114d   Thumb Code    10  misc.o(i.NVIC_PriorityGroupConfig)
    PWM_Init                                 0x08001161   Thumb Code   144  pwm.o(i.PWM_Init)
    PWM_SetCompare1                          0x080011f5   Thumb Code    34  pwm.o(i.PWM_SetCompare1)
    PendSV_Handler                           0x08001217   Thumb Code     2  stm32f10x_it.o(i.PendSV_Handler)
    RC522_CalulateCRC                        0x08001219   Thumb Code   108  rc522.o(i.RC522_CalulateCRC)
    RC522_ClearBitMask                       0x08001285   Thumb Code    28  rc522.o(i.RC522_ClearBitMask)
    RC522_Delay                              0x080012a1   Thumb Code    18  rc522.o(i.RC522_Delay)
    RC522_IO_Init                            0x080012b5   Thumb Code    78  rc522.o(i.RC522_IO_Init)
    RC522_Init                               0x0800130d   Thumb Code    32  rc522.o(i.RC522_Init)
    RC522_PcdAntennaOff                      0x0800132d   Thumb Code    12  rc522.o(i.RC522_PcdAntennaOff)
    RC522_PcdAntennaOn                       0x08001339   Thumb Code    26  rc522.o(i.RC522_PcdAntennaOn)
    RC522_PcdAnticoll                        0x08001353   Thumb Code   112  rc522.o(i.RC522_PcdAnticoll)
    RC522_PcdAuthState                       0x080013c3   Thumb Code    86  rc522.o(i.RC522_PcdAuthState)
    RC522_PcdComMF522                        0x08001419   Thumb Code   318  rc522.o(i.RC522_PcdComMF522)
    RC522_PcdRead                            0x08001557   Thumb Code    86  rc522.o(i.RC522_PcdRead)
    RC522_PcdRequest                         0x080015ad   Thumb Code    86  rc522.o(i.RC522_PcdRequest)
    RC522_PcdReset                           0x08001605   Thumb Code   114  rc522.o(i.RC522_PcdReset)
    RC522_PcdSelect                          0x08001681   Thumb Code   116  rc522.o(i.RC522_PcdSelect)
    RC522_PcdWrite                           0x080016f5   Thumb Code   150  rc522.o(i.RC522_PcdWrite)
    RC522_ReadRawRC                          0x0800178d   Thumb Code    48  rc522.o(i.RC522_ReadRawRC)
    RC522_SPI_ReadWriteOneByte               0x080017c5   Thumb Code    74  rc522.o(i.RC522_SPI_ReadWriteOneByte)
    RC522_SetBitMask                         0x08001819   Thumb Code    28  rc522.o(i.RC522_SetBitMask)
    RC522_WriteRawRC                         0x08001835   Thumb Code    40  rc522.o(i.RC522_WriteRawRC)
    RCC_APB1PeriphClockCmd                   0x08001865   Thumb Code    26  stm32f10x_rcc.o(i.RCC_APB1PeriphClockCmd)
    RCC_APB2PeriphClockCmd                   0x08001885   Thumb Code    26  stm32f10x_rcc.o(i.RCC_APB2PeriphClockCmd)
    RCC_GetClocksFreq                        0x080018a5   Thumb Code   192  stm32f10x_rcc.o(i.RCC_GetClocksFreq)
    SPI2_Init                                0x08001979   Thumb Code   128  spi.o(i.SPI2_Init)
    SPI2_ReadWriteByte                       0x08001a01   Thumb Code    78  spi.o(i.SPI2_ReadWriteByte)
    SPI_Cmd                                  0x08001a55   Thumb Code    24  stm32f10x_spi.o(i.SPI_Cmd)
    SPI_I2S_GetFlagStatus                    0x08001a6d   Thumb Code    18  stm32f10x_spi.o(i.SPI_I2S_GetFlagStatus)
    SPI_I2S_ReceiveData                      0x08001a7f   Thumb Code     6  stm32f10x_spi.o(i.SPI_I2S_ReceiveData)
    SPI_I2S_SendData                         0x08001a85   Thumb Code     4  stm32f10x_spi.o(i.SPI_I2S_SendData)
    SPI_Init                                 0x08001a89   Thumb Code    60  stm32f10x_spi.o(i.SPI_Init)
    SVC_Handler                              0x08001ac5   Thumb Code     2  stm32f10x_it.o(i.SVC_Handler)
    SysTick_CLKSourceConfig                  0x08001bb1   Thumb Code    40  misc.o(i.SysTick_CLKSourceConfig)
    SysTick_Handler                          0x08001bd9   Thumb Code     2  stm32f10x_it.o(i.SysTick_Handler)
    SystemInit                               0x08001bdd   Thumb Code    78  system_stm32f10x.o(i.SystemInit)
    TIM3_IRQHandler                          0x08001c3d   Thumb Code   306  timer.o(i.TIM3_IRQHandler)
    TIM3_Int_Init                            0x08001db1   Thumb Code    90  timer.o(i.TIM3_Int_Init)
    TIM_ClearITPendingBit                    0x08001e11   Thumb Code     6  stm32f10x_tim.o(i.TIM_ClearITPendingBit)
    TIM_Cmd                                  0x08001e17   Thumb Code    24  stm32f10x_tim.o(i.TIM_Cmd)
    TIM_GetITStatus                          0x08001e2f   Thumb Code    34  stm32f10x_tim.o(i.TIM_GetITStatus)
    TIM_ITConfig                             0x08001e51   Thumb Code    18  stm32f10x_tim.o(i.TIM_ITConfig)
    TIM_InternalClockConfig                  0x08001e63   Thumb Code    12  stm32f10x_tim.o(i.TIM_InternalClockConfig)
    TIM_OC1Init                              0x08001e71   Thumb Code   132  stm32f10x_tim.o(i.TIM_OC1Init)
    TIM_OCStructInit                         0x08001f09   Thumb Code    20  stm32f10x_tim.o(i.TIM_OCStructInit)
    TIM_SetCompare1                          0x08001f1d   Thumb Code     4  stm32f10x_tim.o(i.TIM_SetCompare1)
    TIM_TimeBaseInit                         0x08001f21   Thumb Code   122  stm32f10x_tim.o(i.TIM_TimeBaseInit)
    UART4TxChar                              0x08001fc5   Thumb Code    28  usart.o(i.UART4TxChar)
    UART4TxStr                               0x08001fe5   Thumb Code    22  usart.o(i.UART4TxStr)
    UART4_IRQHandler                         0x0800207d   Thumb Code   150  usart.o(i.UART4_IRQHandler)
    UART5_IRQHandler                         0x08002161   Thumb Code    74  usart.o(i.UART5_IRQHandler)
    USART1TxChar                             0x080021c1   Thumb Code    28  usart.o(i.USART1TxChar)
    USART1TxStr                              0x080021e1   Thumb Code    22  usart.o(i.USART1TxStr)
    USART1_IRQHandler                        0x080021f9   Thumb Code   116  usart.o(i.USART1_IRQHandler)
    USART2TxChar                             0x08002285   Thumb Code    28  usart.o(i.USART2TxChar)
    USART2_IRQHandler                        0x08002355   Thumb Code   196  usart.o(i.USART2_IRQHandler)
    USART3_IRQHandler                        0x08002539   Thumb Code    72  usart.o(i.USART3_IRQHandler)
    USART_Cmd                                0x080025cf   Thumb Code    24  stm32f10x_usart.o(i.USART_Cmd)
    USART_GetFlagStatus                      0x080025e7   Thumb Code    26  stm32f10x_usart.o(i.USART_GetFlagStatus)
    USART_GetITStatus                        0x08002601   Thumb Code    84  stm32f10x_usart.o(i.USART_GetITStatus)
    USART_ITConfig                           0x08002655   Thumb Code    74  stm32f10x_usart.o(i.USART_ITConfig)
    USART_Init                               0x080026a1   Thumb Code   210  stm32f10x_usart.o(i.USART_Init)
    USART_ReceiveData                        0x08002779   Thumb Code    10  stm32f10x_usart.o(i.USART_ReceiveData)
    USART_SendData                           0x08002783   Thumb Code     8  stm32f10x_usart.o(i.USART_SendData)
    Uart4_Init                               0x0800278b   Thumb Code    28  usart.o(i.Uart4_Init)
    UsageFault_Handler                       0x080027a7   Thumb Code     4  stm32f10x_it.o(i.UsageFault_Handler)
    Usart1_Init                              0x080027ad   Thumb Code   160  usart.o(i.Usart1_Init)
    Usart2_Init                              0x08002855   Thumb Code    32  usart.o(i.Usart2_Init)
    Usart3_Init                              0x08002875   Thumb Code    24  usart.o(i.Usart3_Init)
    WIFI_GPIO                                0x0800288d   Thumb Code    44  main.o(i.WIFI_GPIO)
    WIFI_Init                                0x080028bd   Thumb Code   184  main.o(i.WIFI_Init)
    _is_digit                                0x08002a39   Thumb Code    14  __printf_wp.o(i._is_digit)
    _sys_exit                                0x08002a47   Thumb Code     6  usart.o(i._sys_exit)
    delay_init                               0x08002a4d   Thumb Code    50  delay.o(i.delay_init)
    delay_ms                                 0x08002a91   Thumb Code    72  delay.o(i.delay_ms)
    key_init                                 0x08002add   Thumb Code    34  key.o(i.key_init)
    main                                     0x08002b05   Thumb Code  1846  main.o(i.main)
    wait_OK                                  0x08003321   Thumb Code    24  main.o(i.wait_OK)
    asc2_1608                                0x0800333c   Data        1520  lcd.o(.constdata)
    codeGB_16x16                             0x0800392c   Data        3604  lcd.o(.constdata)
    Region$$Table$$Base                      0x0800477c   Number         0  anon$$obj.o(Region$$Table)
    Region$$Table$$Limit                     0x0800479c   Number         0  anon$$obj.o(Region$$Table)
    data1                                    0x20000000   Data          16  main.o(.data)
    DefaultKey2                              0x20000010   Data           6  main.o(.data)
    DefaultKey                               0x20000016   Data           6  main.o(.data)
    Error                                    0x2000001d   Data           1  main.o(.data)
    E_num                                    0x2000001e   Data           1  main.o(.data)
    Start_Init                               0x2000001f   Data           1  main.o(.data)
    Error_light_flag                         0x20000020   Data           1  main.o(.data)
    This_Class_Num                           0x20000021   Data           5  main.o(.data)
    NowRwrite                                0x20000026   Data           1  main.o(.data)
    status                                   0x20000027   Data           1  main.o(.data)
    k                                        0x20000028   Data           1  main.o(.data)
    SystemCoreClock                          0x2000002c   Data           4  system_stm32f10x.o(.data)
    AHBPrescTable                            0x20000030   Data          16  system_stm32f10x.o(.data)
    USART1_RX_STA                            0x20000058   Data           2  usart.o(.data)
    USART2_RX_STA                            0x2000005a   Data           2  usart.o(.data)
    USART3_RX_STA                            0x2000005c   Data           2  usart.o(.data)
    UART4_RX_STA                             0x2000005e   Data           2  usart.o(.data)
    UART5_RX_STA                             0x20000060   Data           2  usart.o(.data)
    Count_Timer3_value_USART1_receive_timeout 0x20000062   Data           1  usart.o(.data)
    Count_Timer3_value_USART2_receive_timeout 0x20000063   Data           1  usart.o(.data)
    Count_Timer3_value_USART3_receive_timeout 0x20000064   Data           1  usart.o(.data)
    Flag_Usart1_Receive                      0x20000065   Data           1  usart.o(.data)
    Flag_Usart1_Remap_Receive                0x20000066   Data           1  usart.o(.data)
    Flag_Usart2_Receive                      0x20000067   Data           1  usart.o(.data)
    Flag_Usart3_Receive                      0x20000068   Data           1  usart.o(.data)
    Flag_Usart1_Remap                        0x20000069   Data           1  usart.o(.data)
    Flag_Usart3_Remap                        0x2000006a   Data           1  usart.o(.data)
    Flag_Usart3_Receive_Complete             0x2000006b   Data           1  usart.o(.data)
    Flag_usart1_receive_OK                   0x2000006c   Data           1  usart.o(.data)
    Flag_usart1_receive_T                    0x2000006d   Data           1  usart.o(.data)
    Flag_usart2_receive_T                    0x2000006e   Data           1  usart.o(.data)
    RxCounter                                0x2000006f   Data           1  usart.o(.data)
    RxCounter1                               0x20000070   Data           1  usart.o(.data)
    Flag_Uart4_Receive                       0x20000071   Data           1  usart.o(.data)
    Flag_Uart5_Receive                       0x20000072   Data           1  usart.o(.data)
    TCP_START                                0x20000074   Data           4  usart.o(.data)
    TCP_END                                  0x20000078   Data           4  usart.o(.data)
    TCP_FLAG                                 0x2000007c   Data           1  usart.o(.data)
    Flag_uart4_receive_OK                    0x2000007d   Data           1  usart.o(.data)
    __stdout                                 0x20000080   Data           4  usart.o(.data)
    USART_RX_STA                             0x20000084   Data           2  usart.o(.data)
    str                                      0x20000088   Data           4  usart.o(.data)
    Count_timer                              0x2000008c   Data           1  timer.o(.data)
    Count_timer1                             0x2000008d   Data           1  timer.o(.data)
    Count_timer10                            0x2000008e   Data           1  timer.o(.data)
    Flag_timer_2S                            0x2000008f   Data           1  timer.o(.data)
    Flag_timer_1S                            0x20000090   Data           1  timer.o(.data)
    Flag_timer_10S                           0x20000091   Data           1  timer.o(.data)
    Count_time_wait_ok                       0x20000092   Data           1  timer.o(.data)
    Count_timer_100ms_x_Collect_Interval     0x20000094   Data           4  timer.o(.data)
    Count_timer_100ms_x_Send_Interval_after_collect 0x20000098   Data           1  timer.o(.data)
    Count_time_wait_ok_x_100ms               0x20000099   Data           1  timer.o(.data)
    Count_wait_ok                            0x2000009a   Data           1  timer.o(.data)
    Count_Send_Time_Interval                 0x2000009b   Data           1  timer.o(.data)
    count_time                               0x2000009c   Data           1  timer.o(.data)
    Flag_allow_dsplay_time                   0x2000009d   Data           1  timer.o(.data)
    Count_Timer3_value_UART4_receive_timeout 0x2000009e   Data           1  timer.o(.data)
    Count_Timer3_value_UART5_receive_timeout 0x2000009f   Data           1  timer.o(.data)
    ref                                      0x200000a0   Data           1  lcd.o(.data)
    vx                                       0x200000a4   Data           4  lcd.o(.data)
    vy                                       0x200000a8   Data           4  lcd.o(.data)
    chx                                      0x200000ac   Data           4  lcd.o(.data)
    chy                                      0x200000b0   Data           4  lcd.o(.data)
    BACK_COLOR                               0x200000b4   Data           4  lcd.o(.data)
    POINT_COLOR                              0x200000b8   Data           4  lcd.o(.data)
    TCP_SEND_DATA                            0x200000bc   Data         100  main.o(.bss)
    Passwd                                   0x20000120   Data          16  main.o(.bss)
    USART1_RX_BUF                            0x20000130   Data         500  usart.o(.bss)
    USART2_RX_BUF                            0x20000324   Data         500  usart.o(.bss)
    USART3_RX_BUF                            0x20000518   Data         500  usart.o(.bss)
    UART4_RX_BUF                             0x2000070c   Data         500  usart.o(.bss)
    UART5_RX_BUF                             0x20000900   Data         500  usart.o(.bss)
    RxBuffer                                 0x20000af4   Data         500  usart.o(.bss)
    RxBuffer1                                0x20000ce8   Data         500  usart.o(.bss)
    USART_RX_BUF                             0x20000edc   Data         500  usart.o(.bss)
    __libspace_start                         0x200010d0   Data          96  libspace.o(.bss)
    __temporary_stack_top$libspace           0x20001130   Data           0  libspace.o(.bss)



==============================================================================

Memory Map of the image

  Image Entry point : 0x08000131

  Load Region LR_IROM1 (Base: 0x08000000, Size: 0x00004858, Max: 0x00080000, ABSOLUTE)

    Execution Region ER_IROM1 (Base: 0x08000000, Size: 0x0000479c, Max: 0x00080000, ABSOLUTE)

    Base Addr    Size         Type   Attr      Idx    E Section Name        Object

    0x08000000   0x00000130   Data   RO          280    RESET               startup_stm32f10x_hd.o
    0x08000130   0x00000008   Code   RO         4289  * !!!main             c_w.l(__main.o)
    0x08000138   0x00000034   Code   RO         4462    !!!scatter          c_w.l(__scatter.o)
    0x0800016c   0x0000001a   Code   RO         4464    !!handler_copy      c_w.l(__scatter_copy.o)
    0x08000186   0x00000002   PAD
    0x08000188   0x0000001c   Code   RO         4466    !!handler_zi        c_w.l(__scatter_zi.o)
    0x080001a4   0x00000000   Code   RO         4276    .ARM.Collect$$_printf_percent$$00000000  c_w.l(_printf_percent.o)
    0x080001a4   0x00000006   Code   RO         4275    .ARM.Collect$$_printf_percent$$00000009  c_w.l(_printf_d.o)
    0x080001aa   0x00000006   Code   RO         4274    .ARM.Collect$$_printf_percent$$0000000C  c_w.l(_printf_x.o)
    0x080001b0   0x00000006   Code   RO         4273    .ARM.Collect$$_printf_percent$$00000014  c_w.l(_printf_s.o)
    0x080001b6   0x00000004   Code   RO         4304    .ARM.Collect$$_printf_percent$$00000017  c_w.l(_printf_percent_end.o)
    0x080001ba   0x00000002   Code   RO         4337    .ARM.Collect$$libinit$$00000000  c_w.l(libinit.o)
    0x080001bc   0x00000000   Code   RO         4344    .ARM.Collect$$libinit$$00000002  c_w.l(libinit2.o)
    0x080001bc   0x00000000   Code   RO         4346    .ARM.Collect$$libinit$$00000004  c_w.l(libinit2.o)
    0x080001bc   0x00000000   Code   RO         4349    .ARM.Collect$$libinit$$0000000A  c_w.l(libinit2.o)
    0x080001bc   0x00000000   Code   RO         4351    .ARM.Collect$$libinit$$0000000C  c_w.l(libinit2.o)
    0x080001bc   0x00000000   Code   RO         4353    .ARM.Collect$$libinit$$0000000E  c_w.l(libinit2.o)
    0x080001bc   0x00000000   Code   RO         4356    .ARM.Collect$$libinit$$00000011  c_w.l(libinit2.o)
    0x080001bc   0x00000000   Code   RO         4358    .ARM.Collect$$libinit$$00000013  c_w.l(libinit2.o)
    0x080001bc   0x00000000   Code   RO         4360    .ARM.Collect$$libinit$$00000015  c_w.l(libinit2.o)
    0x080001bc   0x00000000   Code   RO         4362    .ARM.Collect$$libinit$$00000017  c_w.l(libinit2.o)
    0x080001bc   0x00000000   Code   RO         4364    .ARM.Collect$$libinit$$00000019  c_w.l(libinit2.o)
    0x080001bc   0x00000000   Code   RO         4366    .ARM.Collect$$libinit$$0000001B  c_w.l(libinit2.o)
    0x080001bc   0x00000000   Code   RO         4368    .ARM.Collect$$libinit$$0000001D  c_w.l(libinit2.o)
    0x080001bc   0x00000000   Code   RO         4370    .ARM.Collect$$libinit$$0000001F  c_w.l(libinit2.o)
    0x080001bc   0x00000000   Code   RO         4372    .ARM.Collect$$libinit$$00000021  c_w.l(libinit2.o)
    0x080001bc   0x00000000   Code   RO         4374    .ARM.Collect$$libinit$$00000023  c_w.l(libinit2.o)
    0x080001bc   0x00000000   Code   RO         4376    .ARM.Collect$$libinit$$00000025  c_w.l(libinit2.o)
    0x080001bc   0x00000000   Code   RO         4380    .ARM.Collect$$libinit$$0000002C  c_w.l(libinit2.o)
    0x080001bc   0x00000000   Code   RO         4382    .ARM.Collect$$libinit$$0000002E  c_w.l(libinit2.o)
    0x080001bc   0x00000000   Code   RO         4384    .ARM.Collect$$libinit$$00000030  c_w.l(libinit2.o)
    0x080001bc   0x00000000   Code   RO         4386    .ARM.Collect$$libinit$$00000032  c_w.l(libinit2.o)
    0x080001bc   0x00000002   Code   RO         4387    .ARM.Collect$$libinit$$00000033  c_w.l(libinit2.o)
    0x080001be   0x00000002   Code   RO         4405    .ARM.Collect$$libshutdown$$00000000  c_w.l(libshutdown.o)
    0x080001c0   0x00000000   Code   RO         4416    .ARM.Collect$$libshutdown$$00000003  c_w.l(libshutdown2.o)
    0x080001c0   0x00000000   Code   RO         4419    .ARM.Collect$$libshutdown$$00000006  c_w.l(libshutdown2.o)
    0x080001c0   0x00000000   Code   RO         4422    .ARM.Collect$$libshutdown$$00000009  c_w.l(libshutdown2.o)
    0x080001c0   0x00000000   Code   RO         4424    .ARM.Collect$$libshutdown$$0000000B  c_w.l(libshutdown2.o)
    0x080001c0   0x00000000   Code   RO         4427    .ARM.Collect$$libshutdown$$0000000E  c_w.l(libshutdown2.o)
    0x080001c0   0x00000002   Code   RO         4428    .ARM.Collect$$libshutdown$$0000000F  c_w.l(libshutdown2.o)
    0x080001c2   0x00000000   Code   RO         4293    .ARM.Collect$$rtentry$$00000000  c_w.l(__rtentry.o)
    0x080001c2   0x00000000   Code   RO         4308    .ARM.Collect$$rtentry$$00000002  c_w.l(__rtentry2.o)
    0x080001c2   0x00000006   Code   RO         4320    .ARM.Collect$$rtentry$$00000004  c_w.l(__rtentry4.o)
    0x080001c8   0x00000000   Code   RO         4310    .ARM.Collect$$rtentry$$00000009  c_w.l(__rtentry2.o)
    0x080001c8   0x00000004   Code   RO         4311    .ARM.Collect$$rtentry$$0000000A  c_w.l(__rtentry2.o)
    0x080001cc   0x00000000   Code   RO         4313    .ARM.Collect$$rtentry$$0000000C  c_w.l(__rtentry2.o)
    0x080001cc   0x00000008   Code   RO         4314    .ARM.Collect$$rtentry$$0000000D  c_w.l(__rtentry2.o)
    0x080001d4   0x00000002   Code   RO         4341    .ARM.Collect$$rtexit$$00000000  c_w.l(rtexit.o)
    0x080001d6   0x00000000   Code   RO         4389    .ARM.Collect$$rtexit$$00000002  c_w.l(rtexit2.o)
    0x080001d6   0x00000004   Code   RO         4390    .ARM.Collect$$rtexit$$00000003  c_w.l(rtexit2.o)
    0x080001da   0x00000006   Code   RO         4391    .ARM.Collect$$rtexit$$00000004  c_w.l(rtexit2.o)
    0x080001e0   0x00000040   Code   RO          281    .text               startup_stm32f10x_hd.o
    0x08000220   0x00000002   Code   RO         4214    .text               c_w.l(use_no_semi_2.o)
    0x08000222   0x00000002   PAD
    0x08000224   0x00000028   Code   RO         4222    .text               c_w.l(noretval__2sprintf.o)
    0x0800024c   0x0000004e   Code   RO         4226    .text               c_w.l(_printf_pad.o)
    0x0800029a   0x00000052   Code   RO         4228    .text               c_w.l(_printf_str.o)
    0x080002ec   0x00000078   Code   RO         4230    .text               c_w.l(_printf_dec.o)
    0x08000364   0x00000058   Code   RO         4235    .text               c_w.l(_printf_hex_int.o)
    0x080003bc   0x00000138   Code   RO         4265    .text               c_w.l(__printf_flags_wp.o)
    0x080004f4   0x00000024   Code   RO         4277    .text               c_w.l(strstr.o)
    0x08000518   0x00000044   Code   RO         4285    .text               c_w.l(rt_memclr.o)
    0x0800055c   0x00000006   Code   RO         4287    .text               c_w.l(heapauxi.o)
    0x08000562   0x00000002   Code   RO         4291    .text               c_w.l(use_no_semi.o)
    0x08000564   0x000000b2   Code   RO         4294    .text               c_w.l(_printf_intcommon.o)
    0x08000616   0x00000002   PAD
    0x08000618   0x00000030   Code   RO         4296    .text               c_w.l(_printf_char_common.o)
    0x08000648   0x0000000a   Code   RO         4298    .text               c_w.l(_sputc.o)
    0x08000652   0x0000002c   Code   RO         4300    .text               c_w.l(_printf_char.o)
    0x0800067e   0x0000004e   Code   RO         4305    .text               c_w.l(rt_memclr_w.o)
    0x080006cc   0x0000004a   Code   RO         4328    .text               c_w.l(sys_stackheap_outer.o)
    0x08000716   0x0000000c   Code   RO         4330    .text               c_w.l(exit.o)
    0x08000722   0x00000002   PAD
    0x08000724   0x00000008   Code   RO         4338    .text               c_w.l(libspace.o)
    0x0800072c   0x0000005a   Code   RO         3707    i.Address_set       lcd.o
    0x08000786   0x00000004   Code   RO          170    i.BusFault_Handler  stm32f10x_it.o
    0x0800078a   0x00000002   PAD
    0x0800078c   0x00000034   Code   RO         3319    i.CLR_Buf4          usart.o
    0x080007c0   0x00000002   Code   RO          171    i.DebugMon_Handler  stm32f10x_it.o
    0x080007c2   0x00000002   PAD
    0x080007c4   0x00000108   Code   RO         3825    i.GPIO_Configuration  gpio.o
    0x080008cc   0x00000116   Code   RO         1462    i.GPIO_Init         stm32f10x_gpio.o
    0x080009e2   0x00000002   PAD
    0x080009e4   0x00000090   Code   RO         1464    i.GPIO_PinRemapConfig  stm32f10x_gpio.o
    0x08000a74   0x00000004   Code   RO         1469    i.GPIO_ResetBits    stm32f10x_gpio.o
    0x08000a78   0x00000004   Code   RO         1470    i.GPIO_SetBits      stm32f10x_gpio.o
    0x08000a7c   0x00000010   Code   RO         1471    i.GPIO_StructInit   stm32f10x_gpio.o
    0x08000a8c   0x00000004   Code   RO          172    i.HardFault_Handler  stm32f10x_it.o
    0x08000a90   0x00000030   Code   RO         3708    i.LCD_Clear         lcd.o
    0x08000ac0   0x000000a8   Code   RO         3709    i.LCD_DrawLine      lcd.o
    0x08000b68   0x00000020   Code   RO         3710    i.LCD_DrawPoint     lcd.o
    0x08000b88   0x00000040   Code   RO         3711    i.LCD_DrawRectangle  lcd.o
    0x08000bc8   0x000000e4   Code   RO         3713    i.LCD_ShowChar      lcd.o
    0x08000cac   0x0000003e   Code   RO         3714    i.LCD_ShowString    lcd.o
    0x08000cea   0x0000002a   Code   RO         3715    i.LCD_Show_Chinese16x16  lcd.o
    0x08000d14   0x000000b4   Code   RO         3716    i.LCD_Show_One_Chinese16x16  lcd.o
    0x08000dc8   0x00000020   Code   RO         3717    i.LCD_WR_DATA       lcd.o
    0x08000de8   0x00000018   Code   RO         3718    i.LCD_WR_DATA8      lcd.o
    0x08000e00   0x00000018   Code   RO         3719    i.LCD_WR_REG        lcd.o
    0x08000e18   0x0000000c   Code   RO         3721    i.LCD_Writ_Bus      lcd.o
    0x08000e24   0x00000254   Code   RO         3722    i.Lcd_Init          lcd.o
    0x08001078   0x0000005e   Code   RO         3992    i.M500PcdConfigISOType  rc522.o
    0x080010d6   0x00000004   Code   RO          173    i.MemManage_Handler  stm32f10x_it.o
    0x080010da   0x00000002   Code   RO          174    i.NMI_Handler       stm32f10x_it.o
    0x080010dc   0x00000070   Code   RO          285    i.NVIC_Init         misc.o
    0x0800114c   0x00000014   Code   RO          286    i.NVIC_PriorityGroupConfig  misc.o
    0x08001160   0x00000094   Code   RO         4188    i.PWM_Init          pwm.o
    0x080011f4   0x00000022   Code   RO         4189    i.PWM_SetCompare1   pwm.o
    0x08001216   0x00000002   Code   RO          175    i.PendSV_Handler    stm32f10x_it.o
    0x08001218   0x0000006c   Code   RO         3993    i.RC522_CalulateCRC  rc522.o
    0x08001284   0x0000001c   Code   RO         3994    i.RC522_ClearBitMask  rc522.o
    0x080012a0   0x00000012   Code   RO         3995    i.RC522_Delay       rc522.o
    0x080012b2   0x00000002   PAD
    0x080012b4   0x00000058   Code   RO         3996    i.RC522_IO_Init     rc522.o
    0x0800130c   0x00000020   Code   RO         3997    i.RC522_Init        rc522.o
    0x0800132c   0x0000000c   Code   RO         3999    i.RC522_PcdAntennaOff  rc522.o
    0x08001338   0x0000001a   Code   RO         4000    i.RC522_PcdAntennaOn  rc522.o
    0x08001352   0x00000070   Code   RO         4001    i.RC522_PcdAnticoll  rc522.o
    0x080013c2   0x00000056   Code   RO         4002    i.RC522_PcdAuthState  rc522.o
    0x08001418   0x0000013e   Code   RO         4003    i.RC522_PcdComMF522  rc522.o
    0x08001556   0x00000056   Code   RO         4005    i.RC522_PcdRead     rc522.o
    0x080015ac   0x00000056   Code   RO         4006    i.RC522_PcdRequest  rc522.o
    0x08001602   0x00000002   PAD
    0x08001604   0x0000007c   Code   RO         4007    i.RC522_PcdReset    rc522.o
    0x08001680   0x00000074   Code   RO         4008    i.RC522_PcdSelect   rc522.o
    0x080016f4   0x00000096   Code   RO         4009    i.RC522_PcdWrite    rc522.o
    0x0800178a   0x00000002   PAD
    0x0800178c   0x00000038   Code   RO         4010    i.RC522_ReadRawRC   rc522.o
    0x080017c4   0x00000054   Code   RO         4012    i.RC522_SPI_ReadWriteOneByte  rc522.o
    0x08001818   0x0000001c   Code   RO         4013    i.RC522_SetBitMask  rc522.o
    0x08001834   0x00000030   Code   RO         4014    i.RC522_WriteRawRC  rc522.o
    0x08001864   0x00000020   Code   RO         1878    i.RCC_APB1PeriphClockCmd  stm32f10x_rcc.o
    0x08001884   0x00000020   Code   RO         1880    i.RCC_APB2PeriphClockCmd  stm32f10x_rcc.o
    0x080018a4   0x000000d4   Code   RO         1888    i.RCC_GetClocksFreq  stm32f10x_rcc.o
    0x08001978   0x00000088   Code   RO         3650    i.SPI2_Init         spi.o
    0x08001a00   0x00000054   Code   RO         3651    i.SPI2_ReadWriteByte  spi.o
    0x08001a54   0x00000018   Code   RO         2357    i.SPI_Cmd           stm32f10x_spi.o
    0x08001a6c   0x00000012   Code   RO         2365    i.SPI_I2S_GetFlagStatus  stm32f10x_spi.o
    0x08001a7e   0x00000006   Code   RO         2368    i.SPI_I2S_ReceiveData  stm32f10x_spi.o
    0x08001a84   0x00000004   Code   RO         2369    i.SPI_I2S_SendData  stm32f10x_spi.o
    0x08001a88   0x0000003c   Code   RO         2370    i.SPI_Init          stm32f10x_spi.o
    0x08001ac4   0x00000002   Code   RO          176    i.SVC_Handler       stm32f10x_it.o
    0x08001ac6   0x00000008   Code   RO          233    i.SetSysClock       system_stm32f10x.o
    0x08001ace   0x00000002   PAD
    0x08001ad0   0x000000e0   Code   RO          234    i.SetSysClockTo72   system_stm32f10x.o
    0x08001bb0   0x00000028   Code   RO          289    i.SysTick_CLKSourceConfig  misc.o
    0x08001bd8   0x00000002   Code   RO          177    i.SysTick_Handler   stm32f10x_it.o
    0x08001bda   0x00000002   PAD
    0x08001bdc   0x00000060   Code   RO          236    i.SystemInit        system_stm32f10x.o
    0x08001c3c   0x00000174   Code   RO         3674    i.TIM3_IRQHandler   timer.o
    0x08001db0   0x00000060   Code   RO         3675    i.TIM3_Int_Init     timer.o
    0x08001e10   0x00000006   Code   RO         2507    i.TIM_ClearITPendingBit  stm32f10x_tim.o
    0x08001e16   0x00000018   Code   RO         2512    i.TIM_Cmd           stm32f10x_tim.o
    0x08001e2e   0x00000022   Code   RO         2533    i.TIM_GetITStatus   stm32f10x_tim.o
    0x08001e50   0x00000012   Code   RO         2537    i.TIM_ITConfig      stm32f10x_tim.o
    0x08001e62   0x0000000c   Code   RO         2539    i.TIM_InternalClockConfig  stm32f10x_tim.o
    0x08001e6e   0x00000002   PAD
    0x08001e70   0x00000098   Code   RO         2541    i.TIM_OC1Init       stm32f10x_tim.o
    0x08001f08   0x00000014   Code   RO         2559    i.TIM_OCStructInit  stm32f10x_tim.o
    0x08001f1c   0x00000004   Code   RO         2573    i.TIM_SetCompare1   stm32f10x_tim.o
    0x08001f20   0x000000a4   Code   RO         2583    i.TIM_TimeBaseInit  stm32f10x_tim.o
    0x08001fc4   0x00000020   Code   RO         3321    i.UART4TxChar       usart.o
    0x08001fe4   0x00000016   Code   RO         3324    i.UART4TxStr        usart.o
    0x08001ffa   0x00000002   PAD
    0x08001ffc   0x00000040   Code   RO         3325    i.UART4_Configuration  usart.o
    0x0800203c   0x00000040   Code   RO         3326    i.UART4_GPIO_Configuration  usart.o
    0x0800207c   0x000000bc   Code   RO         3327    i.UART4_IRQHandler  usart.o
    0x08002138   0x00000028   Code   RO         3328    i.UART4_NVIC_Configuration  usart.o
    0x08002160   0x00000060   Code   RO         3335    i.UART5_IRQHandler  usart.o
    0x080021c0   0x00000020   Code   RO         3337    i.USART1TxChar      usart.o
    0x080021e0   0x00000016   Code   RO         3340    i.USART1TxStr       usart.o
    0x080021f6   0x00000002   PAD
    0x080021f8   0x0000008c   Code   RO         3341    i.USART1_IRQHandler  usart.o
    0x08002284   0x00000020   Code   RO         3342    i.USART2TxChar      usart.o
    0x080022a4   0x00000048   Code   RO         3346    i.USART2_Configuration  usart.o
    0x080022ec   0x00000068   Code   RO         3347    i.USART2_GPIO_Configuration  usart.o
    0x08002354   0x000000ec   Code   RO         3348    i.USART2_IRQHandler  usart.o
    0x08002440   0x00000028   Code   RO         3349    i.USART2_NVIC_Configuration  usart.o
    0x08002468   0x00000018   Code   RO         3350    i.USART2_RCC_Configuration  usart.o
    0x08002480   0x00000048   Code   RO         3355    i.USART3_Configuration  usart.o
    0x080024c8   0x00000070   Code   RO         3356    i.USART3_GPIO_Configuration  usart.o
    0x08002538   0x0000005c   Code   RO         3357    i.USART3_IRQHandler  usart.o
    0x08002594   0x00000026   Code   RO         3358    i.USART3_NVIC_Configuration  usart.o
    0x080025ba   0x00000014   Code   RO         3359    i.USART3_RCC_Configuration  usart.o
    0x080025ce   0x00000018   Code   RO         3048    i.USART_Cmd         stm32f10x_usart.o
    0x080025e6   0x0000001a   Code   RO         3051    i.USART_GetFlagStatus  stm32f10x_usart.o
    0x08002600   0x00000054   Code   RO         3052    i.USART_GetITStatus  stm32f10x_usart.o
    0x08002654   0x0000004a   Code   RO         3054    i.USART_ITConfig    stm32f10x_usart.o
    0x0800269e   0x00000002   PAD
    0x080026a0   0x000000d8   Code   RO         3055    i.USART_Init        stm32f10x_usart.o
    0x08002778   0x0000000a   Code   RO         3062    i.USART_ReceiveData  stm32f10x_usart.o
    0x08002782   0x00000008   Code   RO         3065    i.USART_SendData    stm32f10x_usart.o
    0x0800278a   0x0000001c   Code   RO         3360    i.Uart4_Init        usart.o
    0x080027a6   0x00000004   Code   RO          178    i.UsageFault_Handler  stm32f10x_it.o
    0x080027aa   0x00000002   PAD
    0x080027ac   0x000000a8   Code   RO         3362    i.Usart1_Init       usart.o
    0x08002854   0x00000020   Code   RO         3364    i.Usart2_Init       usart.o
    0x08002874   0x00000018   Code   RO         3366    i.Usart3_Init       usart.o
    0x0800288c   0x00000030   Code   RO            1    i.WIFI_GPIO         main.o
    0x080028bc   0x0000017c   Code   RO            2    i.WIFI_Init         main.o
    0x08002a38   0x0000000e   Code   RO         4263    i._is_digit         c_w.l(__printf_wp.o)
    0x08002a46   0x00000006   Code   RO         3368    i._sys_exit         usart.o
    0x08002a4c   0x00000044   Code   RO         3278    i.delay_init        delay.o
    0x08002a90   0x0000004c   Code   RO         3279    i.delay_ms          delay.o
    0x08002adc   0x00000028   Code   RO         3839    i.key_init          key.o
    0x08002b04   0x0000081c   Code   RO            3    i.main              main.o
    0x08003320   0x0000001c   Code   RO            4    i.wait_OK           main.o
    0x0800333c   0x00001404   Data   RO         3724    .constdata          lcd.o
    0x08004740   0x00000028   Data   RO         4236    .constdata          c_w.l(_printf_hex_int.o)
    0x08004768   0x00000011   Data   RO         4266    .constdata          c_w.l(__printf_flags_wp.o)
    0x08004779   0x00000003   PAD
    0x0800477c   0x00000020   Data   RO         4460    Region$$Table       anon$$obj.o


    Execution Region RW_IRAM1 (Base: 0x20000000, Size: 0x00001730, Max: 0x00010000, ABSOLUTE)

    Base Addr    Size         Type   Attr      Idx    E Section Name        Object

    0x20000000   0x00000029   Data   RW            6    .data               main.o
    0x20000029   0x00000003   PAD
    0x2000002c   0x00000014   Data   RW          237    .data               system_stm32f10x.o
    0x20000040   0x00000014   Data   RW         1908    .data               stm32f10x_rcc.o
    0x20000054   0x00000004   Data   RW         3281    .data               delay.o
    0x20000058   0x00000034   Data   RW         3371    .data               usart.o
    0x2000008c   0x00000014   Data   RW         3676    .data               timer.o
    0x200000a0   0x0000001c   Data   RW         3725    .data               lcd.o
    0x200000bc   0x00000074   Zero   RW            5    .bss                main.o
    0x20000130   0x00000fa0   Zero   RW         3370    .bss                usart.o
    0x200010d0   0x00000060   Zero   RW         4339    .bss                c_w.l(libspace.o)
    0x20001130   0x00000200   Zero   RW          279    HEAP                startup_stm32f10x_hd.o
    0x20001330   0x00000400   Zero   RW          278    STACK               startup_stm32f10x_hd.o


==============================================================================

Image component sizes


      Code (inc. data)   RO Data    RW Data    ZI Data      Debug   Object Name

         0          0          0          0          0         32   core_cm3.o
       144         22          0          4          0       1080   delay.o
       264         12          0          0          0        581   gpio.o
        40          6          0          0          0        435   key.o
      1602         46       5124         28          0       9395   lcd.o
      2532        680          0         41        116      58795   main.o
       172         22          0          0          0     206637   misc.o
       182          4          0          0          0       1053   pwm.o
      1700         46          0          0          0      12287   rc522.o
       220         14          0          0          0       1161   spi.o
        64         26        304          0       1536        768   startup_stm32f10x_hd.o
       446          6          0          0          0       4164   stm32f10x_gpio.o
        26          0          0          0          0       3402   stm32f10x_it.o
       276         32          0         20          0       4266   stm32f10x_rcc.o
       112          0          0          0          0       3602   stm32f10x_spi.o
       434         62          0          0          0       5491   stm32f10x_tim.o
       442          6          0          0          0       5829   stm32f10x_usart.o
       328         28          0         20          0       1917   system_stm32f10x.o
       468         72          0         20          0       2392   timer.o
      1852        218          0         52       4000      16902   usart.o

    ----------------------------------------------------------------------
     11330       1302       5460        188       5652     340189   Object Totals
         0          0         32          0          0          0   (incl. Generated)
        26          0          0          3          0          0   (incl. Padding)

    ----------------------------------------------------------------------

      Code (inc. data)   RO Data    RW Data    ZI Data      Debug   Library Member Name

         8          0          0          0          0         68   __main.o
       312          4         17          0          0         92   __printf_flags_wp.o
        14          0          0          0          0         68   __printf_wp.o
         0          0          0          0          0          0   __rtentry.o
        12          0          0          0          0          0   __rtentry2.o
         6          0          0          0          0          0   __rtentry4.o
        52          8          0          0          0          0   __scatter.o
        26          0          0          0          0          0   __scatter_copy.o
        28          0          0          0          0          0   __scatter_zi.o
        44          0          0          0          0        108   _printf_char.o
        48          6          0          0          0         96   _printf_char_common.o
         6          0          0          0          0          0   _printf_d.o
       120         16          0          0          0         92   _printf_dec.o
        88          4         40          0          0         88   _printf_hex_int.o
       178          0          0          0          0         88   _printf_intcommon.o
        78          0          0          0          0        108   _printf_pad.o
         0          0          0          0          0          0   _printf_percent.o
         4          0          0          0          0          0   _printf_percent_end.o
         6          0          0          0          0          0   _printf_s.o
        82          0          0          0          0         80   _printf_str.o
         6          0          0          0          0          0   _printf_x.o
        10          0          0          0          0         68   _sputc.o
        12          0          0          0          0         72   exit.o
         6          0          0          0          0        152   heapauxi.o
         2          0          0          0          0          0   libinit.o
         2          0          0          0          0          0   libinit2.o
         2          0          0          0          0          0   libshutdown.o
         2          0          0          0          0          0   libshutdown2.o
         8          4          0          0         96         68   libspace.o
        40          6          0          0          0         84   noretval__2sprintf.o
        68          0          0          0          0         68   rt_memclr.o
        78          0          0          0          0         80   rt_memclr_w.o
         2          0          0          0          0          0   rtexit.o
        10          0          0          0          0          0   rtexit2.o
        36          0          0          0          0         80   strstr.o
        74          0          0          0          0         80   sys_stackheap_outer.o
         2          0          0          0          0         68   use_no_semi.o
         2          0          0          0          0         68   use_no_semi_2.o

    ----------------------------------------------------------------------
      1482         48         60          0         96       1776   Library Totals
         8          0          3          0          0          0   (incl. Padding)

    ----------------------------------------------------------------------

      Code (inc. data)   RO Data    RW Data    ZI Data      Debug   Library Name

      1474         48         57          0         96       1776   c_w.l

    ----------------------------------------------------------------------
      1482         48         60          0         96       1776   Library Totals

    ----------------------------------------------------------------------

==============================================================================


      Code (inc. data)   RO Data    RW Data    ZI Data      Debug   

     12812       1350       5520        188       5748     335097   Grand Totals
     12812       1350       5520        188       5748     335097   ELF Image Totals
     12812       1350       5520        188          0          0   ROM Totals

==============================================================================

    Total RO  Size (Code + RO Data)                18332 (  17.90kB)
    Total RW  Size (RW Data + ZI Data)              5936 (   5.80kB)
    Total ROM Size (Code + RO Data + RW Data)      18520 (  18.09kB)

==============================================================================

